Archive member included to satisfy reference by file (symbol)

/usr/lib/gcc/arm-none-eabi/7.3.1/../../../arm-none-eabi/lib/thumb/v6-m/libstdc++.a(string-inst.o)
                              CMakeFiles/main.dir/siggen.cpp.obj (std::__cxx11::basic_string<char, std::char_traits<char>, std::allocator<char> >::_M_create(unsigned int&, unsigned int))
/usr/lib/gcc/arm-none-eabi/7.3.1/../../../arm-none-eabi/lib/thumb/v6-m/libstdc++.a(functexcept.o)
                              /usr/lib/gcc/arm-none-eabi/7.3.1/../../../arm-none-eabi/lib/thumb/v6-m/libstdc++.a(string-inst.o) (std::__throw_logic_error(char const*))
/usr/lib/gcc/arm-none-eabi/7.3.1/../../../arm-none-eabi/lib/thumb/v6-m/libstdc++.a(bad_alloc.o)
                              /usr/lib/gcc/arm-none-eabi/7.3.1/../../../arm-none-eabi/lib/thumb/v6-m/libstdc++.a(functexcept.o) (std::bad_alloc::~bad_alloc())
/usr/lib/gcc/arm-none-eabi/7.3.1/../../../arm-none-eabi/lib/thumb/v6-m/libstdc++.a(eh_arm.o)
                              /usr/lib/gcc/arm-none-eabi/7.3.1/../../../arm-none-eabi/lib/thumb/v6-m/libstdc++.a(string-inst.o) (__cxa_end_cleanup)
/usr/lib/gcc/arm-none-eabi/7.3.1/../../../arm-none-eabi/lib/thumb/v6-m/libstdc++.a(eh_throw.o)
                              /usr/lib/gcc/arm-none-eabi/7.3.1/../../../arm-none-eabi/lib/thumb/v6-m/libstdc++.a(functexcept.o) (__cxa_throw)
/usr/lib/gcc/arm-none-eabi/7.3.1/../../../arm-none-eabi/lib/thumb/v6-m/libstdc++.a(eh_terminate.o)
                              /usr/lib/gcc/arm-none-eabi/7.3.1/../../../arm-none-eabi/lib/thumb/v6-m/libstdc++.a(eh_throw.o) (__cxxabiv1::__terminate(void (*)()))
/usr/lib/gcc/arm-none-eabi/7.3.1/../../../arm-none-eabi/lib/thumb/v6-m/libstdc++.a(eh_alloc.o)
                              /usr/lib/gcc/arm-none-eabi/7.3.1/../../../arm-none-eabi/lib/thumb/v6-m/libstdc++.a(functexcept.o) (__cxa_allocate_exception)
/usr/lib/gcc/arm-none-eabi/7.3.1/../../../arm-none-eabi/lib/thumb/v6-m/libstdc++.a(eh_personality.o)
                              /usr/lib/gcc/arm-none-eabi/7.3.1/../../../arm-none-eabi/lib/thumb/v6-m/libstdc++.a(string-inst.o) (__gxx_personality_v0)
/usr/lib/gcc/arm-none-eabi/7.3.1/../../../arm-none-eabi/lib/thumb/v6-m/libstdc++.a(bad_typeid.o)
                              /usr/lib/gcc/arm-none-eabi/7.3.1/../../../arm-none-eabi/lib/thumb/v6-m/libstdc++.a(functexcept.o) (std::bad_typeid::~bad_typeid())
/usr/lib/gcc/arm-none-eabi/7.3.1/../../../arm-none-eabi/lib/thumb/v6-m/libstdc++.a(bad_cast.o)
                              /usr/lib/gcc/arm-none-eabi/7.3.1/../../../arm-none-eabi/lib/thumb/v6-m/libstdc++.a(functexcept.o) (std::bad_cast::~bad_cast())
/usr/lib/gcc/arm-none-eabi/7.3.1/../../../arm-none-eabi/lib/thumb/v6-m/libstdc++.a(eh_catch.o)
                              /usr/lib/gcc/arm-none-eabi/7.3.1/../../../arm-none-eabi/lib/thumb/v6-m/libstdc++.a(string-inst.o) (__cxa_begin_catch)
/usr/lib/gcc/arm-none-eabi/7.3.1/../../../arm-none-eabi/lib/thumb/v6-m/libstdc++.a(eh_exception.o)
                              /usr/lib/gcc/arm-none-eabi/7.3.1/../../../arm-none-eabi/lib/thumb/v6-m/libstdc++.a(bad_alloc.o) (std::exception::~exception())
/usr/lib/gcc/arm-none-eabi/7.3.1/../../../arm-none-eabi/lib/thumb/v6-m/libstdc++.a(eh_unex_handler.o)
                              /usr/lib/gcc/arm-none-eabi/7.3.1/../../../arm-none-eabi/lib/thumb/v6-m/libstdc++.a(eh_terminate.o) (__cxxabiv1::__unexpected_handler)
/usr/lib/gcc/arm-none-eabi/7.3.1/../../../arm-none-eabi/lib/thumb/v6-m/libstdc++.a(si_class_type_info.o)
                              /usr/lib/gcc/arm-none-eabi/7.3.1/../../../arm-none-eabi/lib/thumb/v6-m/libstdc++.a(bad_alloc.o) (vtable for __cxxabiv1::__si_class_type_info)
/usr/lib/gcc/arm-none-eabi/7.3.1/../../../arm-none-eabi/lib/thumb/v6-m/libstdc++.a(eh_call.o)
                              /usr/lib/gcc/arm-none-eabi/7.3.1/../../../arm-none-eabi/lib/thumb/v6-m/libstdc++.a(eh_personality.o) (__cxa_call_terminate)
/usr/lib/gcc/arm-none-eabi/7.3.1/../../../arm-none-eabi/lib/thumb/v6-m/libstdc++.a(eh_term_handler.o)
                              /usr/lib/gcc/arm-none-eabi/7.3.1/../../../arm-none-eabi/lib/thumb/v6-m/libstdc++.a(eh_terminate.o) (__cxxabiv1::__terminate_handler)
/usr/lib/gcc/arm-none-eabi/7.3.1/../../../arm-none-eabi/lib/thumb/v6-m/libstdc++.a(stdexcept.o)
                              /usr/lib/gcc/arm-none-eabi/7.3.1/../../../arm-none-eabi/lib/thumb/v6-m/libstdc++.a(functexcept.o) (std::logic_error::~logic_error())
/usr/lib/gcc/arm-none-eabi/7.3.1/../../../arm-none-eabi/lib/thumb/v6-m/libstdc++.a(cow-stdexcept.o)
                              /usr/lib/gcc/arm-none-eabi/7.3.1/../../../arm-none-eabi/lib/thumb/v6-m/libstdc++.a(functexcept.o) (std::logic_error::logic_error(char const*))
/usr/lib/gcc/arm-none-eabi/7.3.1/../../../arm-none-eabi/lib/thumb/v6-m/libstdc++.a(sso_string.o)
                              /usr/lib/gcc/arm-none-eabi/7.3.1/../../../arm-none-eabi/lib/thumb/v6-m/libstdc++.a(cow-stdexcept.o) (std::__sso_string::__sso_string(char const*, unsigned int))
[...]
Memory Configuration

Name             Origin             Length             Attributes
FLASH            0x10000000         0x00200000         xr
RAM              0x20000000         0x00040000         xrw
SCRATCH_X        0x20040000         0x00001000         xrw
SCRATCH_Y        0x20041000         0x00001000         xrw
*default*        0x00000000         0xffffffff

Linker script and memory map

LOAD /usr/lib/gcc/arm-none-eabi/7.3.1/thumb/v6-m/crti.o
LOAD /usr/lib/gcc/arm-none-eabi/7.3.1/thumb/v6-m/crtbegin.o
LOAD /usr/lib/gcc/arm-none-eabi/7.3.1/../../../arm-none-eabi/lib/thumb/v6-m/crt0.o

.flash_begin    0x10000000        0x0
                0x10000000                __flash_binary_start = .

.boot2          0x10000000      0x100
                0x10000000                __boot2_start__ = .
 *(.boot2)
 .boot2         0x10000000      0x100 /tmp/cc49LDIe.o
                0x10000100                __boot2_end__ = .
                0x00000001                ASSERT (((__boot2_end__ - __boot2_start__) == 0x100), ERROR: Pico second stage bootloader must be 256 bytes in size)

.text           0x10000100     0xb480
                0x10000100                __logical_binary_start = .
 *(.vectors)
 .vectors       0x10000100       0xd4 CMakeFiles/main.dir/home/pi/pico/pico-sdk/src/rp2_common/pico_standard_link/crt0.S.obj
                0x10000100                __vectors
                0x10000100                __VECTOR_TABLE
                0x100001c0                isr_invalid
                0x100001c0                __default_isrs_start
                0x100001c2                isr_nmi
                0x100001c4                isr_hardfault
                0x100001c6                isr_svcall
                0x100001c8                isr_pendsv
                0x100001ca                isr_systick
                0x100001cc                isr_irq30
                0x100001cc                __unhandled_user_irq
                0x100001cc                isr_irq13
                0x100001cc                isr_irq27
                0x100001cc                isr_irq31
                0x100001cc                isr_irq5
                0x100001cc                isr_irq11
                0x100001cc                isr_irq23
                0x100001cc                isr_irq18
                0x100001cc                isr_irq28
                0x100001cc                isr_irq19
                0x100001cc                isr_irq0
                0x100001cc                isr_irq6
                0x100001cc                isr_irq22
                0x100001cc                isr_irq17
                0x100001cc                isr_irq14
                0x100001cc                isr_irq2
                0x100001cc                isr_irq10
                0x100001cc                isr_irq8
                0x100001cc                isr_irq24
                0x100001cc                isr_irq1
                0x100001cc                isr_irq7
                0x100001cc                isr_irq21
                0x100001cc                isr_irq20
                0x100001cc                isr_irq15
                0x100001cc                isr_irq25
                0x100001cc                isr_irq4
                0x100001cc                isr_irq16
                0x100001cc                isr_irq29
                0x100001cc                isr_irq26
                0x100001cc                __default_isrs_end
                0x100001cc                isr_irq3
                0x100001cc                isr_irq12
                0x100001cc                isr_irq9
                0x100001d2                unhandled_user_irq_num_in_r0
 *(.binary_info_header)
 .binary_info_header
                0x100001d4       0x14 CMakeFiles/main.dir/home/pi/pico/pico-sdk/src/rp2_common/pico_standard_link/crt0.S.obj
                0x100001e8                __binary_info_header_end = .
 *(.reset)
 .reset         0x100001e8       0xa8 CMakeFiles/main.dir/home/pi/pico/pico-sdk/src/rp2_common/pico_standard_link/crt0.S.obj
                0x100001e8                _entry_point
                0x10000266                __get_current_exception
 .reset         0x10000290       0x30 CMakeFiles/main.dir/home/pi/pico/pico-sdk/src/rp2_common/pico_standard_link/binary_info.c.obj
 *(.init)
 .init          0x100002c0        0x4 /usr/lib/gcc/arm-none-eabi/7.3.1/thumb/v6-m/crti.o
                0x100002c0                _init
 *(EXCLUDE_FILE(*libm.a: *libc.a:*lib_a-mem*.o *libgcc.a:) .text*)
 .text          0x100002c4       0x98 /usr/lib/gcc/arm-none-eabi/7.3.1/thumb/v6-m/crtbegin.o
 .text._Z13core0_sio_irqv
                0x1000035c       0x24 CMakeFiles/main.dir/siggen.cpp.obj
                0x1000035c                core0_sio_irq()
 .text._Z13core1_sio_irqv
                0x10000380       0x24 CMakeFiles/main.dir/siggen.cpp.obj
                0x10000380                core1_sio_irq()
 .text._Z11core1_entryv
                0x100003a4      0x104 CMakeFiles/main.dir/siggen.cpp.obj
                0x100003a4                core1_entry()
 .text._ZN9__gnu_cxx12__to_xstringINSt7__cxx1112basic_stringIcSt11char_traitsIcESaIcEEEcEET_PFiPT0_jPKS8_St9__va_listEjSB_z.constprop.28
                0x100004a8       0x78 CMakeFiles/main.dir/siggen.cpp.obj
 .text._Z23freq_change_irq_handlerjm
                0x10000520      0x1e0 CMakeFiles/main.dir/siggen.cpp.obj
                0x10000520                freq_change_irq_handler(unsigned int, unsigned long)
 .text.startup.main
                0x10000700      0x2a4 CMakeFiles/main.dir/siggen.cpp.obj
                0x10000700                main
 .text.startup._GLOBAL__sub_I_logo
                0x100009a4       0x44 CMakeFiles/main.dir/siggen.cpp.obj
 .text._ZN7SSD13069drawPixelEss6colors
                0x100009e8       0x90 CMakeFiles/main.dir/__/SSD1306.cpp.obj
                0x100009e8                SSD1306::drawPixel(short, short, colors)
 .text._ZN7SSD13065clearE6colors
                0x10000a78       0x30 CMakeFiles/main.dir/__/SSD1306.cpp.obj
                0x10000a78                SSD1306::clear(colors)
 .text._ZN7SSD13067displayEPh
                0x10000aa8       0x94 CMakeFiles/main.dir/__/SSD1306.cpp.obj
                0x10000aa8                SSD1306::display(unsigned char*)
 .text._ZN7SSD1306C2Et4sizeP8i2c_inst
                0x10000b3c      0x24c CMakeFiles/main.dir/__/SSD1306.cpp.obj
                0x10000b3c                SSD1306::SSD1306(unsigned short, size, i2c_inst*)
                0x10000b3c                SSD1306::SSD1306(unsigned short, size, i2c_inst*)
 .text._ZN3GFXC2Et4sizeP8i2c_inst
                0x10000d88       0x14 CMakeFiles/main.dir/__/GFX.cpp.obj
                0x10000d88                GFX::GFX(unsigned short, size, i2c_inst*)
                0x10000d88                GFX::GFX(unsigned short, size, i2c_inst*)
 .text._ZN3GFX10drawStringEiiNSt7__cxx1112basic_stringIcSt11char_traitsIcESaIcEEE6colors
                0x10000d9c       0xb4 CMakeFiles/main.dir/__/GFX.cpp.obj
                0x10000d9c                GFX::drawString(int, int, std::__cxx11::basic_string<char, std::char_traits<char>, std::allocator<char> >, colors)
 .text.gpio_irq_handler
                0x10000e50       0x74 CMakeFiles/main.dir/home/pi/pico/pico-sdk/src/rp2_common/hardware_gpio/gpio.c.obj
 .text.gpio_set_function
                0x10000ec4       0x30 CMakeFiles/main.dir/home/pi/pico/pico-sdk/src/rp2_common/hardware_gpio/gpio.c.obj
                0x10000ec4                gpio_set_function
 .text.gpio_set_pulls
                0x10000ef4       0x34 CMakeFiles/main.dir/home/pi/pico/pico-sdk/src/rp2_common/hardware_gpio/gpio.c.obj
                0x10000ef4                gpio_set_pulls
 .text.gpio_set_irq_enabled_with_callback
                0x10000f28       0x74 CMakeFiles/main.dir/home/pi/pico/pico-sdk/src/rp2_common/hardware_gpio/gpio.c.obj
                0x10000f28                gpio_set_irq_enabled_with_callback
 .text.gpio_init
                0x10000f9c       0x3c CMakeFiles/main.dir/home/pi/pico/pico-sdk/src/rp2_common/hardware_gpio/gpio.c.obj
                0x10000f9c                gpio_init
 .text.hw_claim_or_assert
                0x10000fd8       0x44 CMakeFiles/main.dir/home/pi/pico/pico-sdk/src/rp2_common/hardware_claim/claim.c.obj
                0x10000fd8                hw_claim_or_assert
 .text.hw_claim_unused_from_range
                0x1000101c       0x9c CMakeFiles/main.dir/home/pi/pico/pico-sdk/src/rp2_common/hardware_claim/claim.c.obj
                0x1000101c                hw_claim_unused_from_range
 .text.running_on_fpga
                0x100010b8       0x10 CMakeFiles/main.dir/home/pi/pico/pico-sdk/src/rp2_common/pico_platform/platform.c.obj
                0x100010b8                running_on_fpga
 .text.spin_locks_reset
                0x100010c8       0x1c CMakeFiles/main.dir/home/pi/pico/pico-sdk/src/rp2_common/hardware_sync/sync.c.obj
                0x100010c8                spin_locks_reset
 .text.next_striped_spin_lock_num
                0x100010e4       0x18 CMakeFiles/main.dir/home/pi/pico/pico-sdk/src/rp2_common/hardware_sync/sync.c.obj
                0x100010e4                next_striped_spin_lock_num
 .text.spin_lock_claim_unused
                0x100010fc       0x20 CMakeFiles/main.dir/home/pi/pico/pico-sdk/src/rp2_common/hardware_sync/sync.c.obj
                0x100010fc                spin_lock_claim_unused
 .text.timer_pool_entry_comparator
                0x1000111c       0x34 CMakeFiles/main.dir/home/pi/pico/pico-sdk/src/common/pico_time/time.c.obj
                0x1000111c                timer_pool_entry_comparator
 .text.sleep_until_callback
                0x10001150       0x30 CMakeFiles/main.dir/home/pi/pico/pico-sdk/src/common/pico_time/time.c.obj
 .text.add_alarm_under_lock
                0x10001180      0x120 CMakeFiles/main.dir/home/pi/pico/pico-sdk/src/common/pico_time/time.c.obj
 .text.alarm_pool_alarm_callback
                0x100012a0      0x1dc CMakeFiles/main.dir/home/pi/pico/pico-sdk/src/common/pico_time/time.c.obj
 .text.alarm_pool_init_default
                0x1000147c       0x64 CMakeFiles/main.dir/home/pi/pico/pico-sdk/src/common/pico_time/time.c.obj
                0x1000147c                alarm_pool_init_default
 .text.alarm_pool_get_default
                0x100014e0        0x8 CMakeFiles/main.dir/home/pi/pico/pico-sdk/src/common/pico_time/time.c.obj
                0x100014e0                alarm_pool_get_default
 .text.alarm_pool_add_alarm_at
                0x100014e8      0x1ac CMakeFiles/main.dir/home/pi/pico/pico-sdk/src/common/pico_time/time.c.obj
                0x100014e8                alarm_pool_add_alarm_at
 .text.sleep_until
                0x10001694      0x1ec CMakeFiles/main.dir/home/pi/pico/pico-sdk/src/common/pico_time/time.c.obj
                0x10001694                sleep_until
 .text.sleep_ms
                0x10001880       0x38 CMakeFiles/main.dir/home/pi/pico/pico-sdk/src/common/pico_time/time.c.obj
                0x10001880                sleep_ms
 .text.best_effort_wfe_or_timeout
                0x100018b8      0x1b4 CMakeFiles/main.dir/home/pi/pico/pico-sdk/src/common/pico_time/time.c.obj
                0x100018b8                best_effort_wfe_or_timeout
 .text.hardware_alarm_irq_handler
                0x10001a6c       0xb0 CMakeFiles/main.dir/home/pi/pico/pico-sdk/src/rp2_common/hardware_timer/timer.c.obj
 .text.hardware_alarm_claim
                0x10001b1c       0x18 CMakeFiles/main.dir/home/pi/pico/pico-sdk/src/rp2_common/hardware_timer/timer.c.obj
                0x10001b1c                hardware_alarm_claim
 .text.time_us_64
                0x10001b34       0x18 CMakeFiles/main.dir/home/pi/pico/pico-sdk/src/rp2_common/hardware_timer/timer.c.obj
                0x10001b34                time_us_64
 .text.busy_wait_until
                0x10001b4c       0x20 CMakeFiles/main.dir/home/pi/pico/pico-sdk/src/rp2_common/hardware_timer/timer.c.obj
                0x10001b4c                busy_wait_until
 .text.hardware_alarm_set_callback
                0x10001b6c       0x8c CMakeFiles/main.dir/home/pi/pico/pico-sdk/src/rp2_common/hardware_timer/timer.c.obj
                0x10001b6c                hardware_alarm_set_callback
 .text.hardware_alarm_set_target
                0x10001bf8       0xd8 CMakeFiles/main.dir/home/pi/pico/pico-sdk/src/rp2_common/hardware_timer/timer.c.obj
                0x10001bf8                hardware_alarm_set_target
 .text.hardware_alarm_cancel
                0x10001cd0       0x40 CMakeFiles/main.dir/home/pi/pico/pico-sdk/src/rp2_common/hardware_timer/timer.c.obj
                0x10001cd0                hardware_alarm_cancel
 .text.lock_init
                0x10001d10       0x10 CMakeFiles/main.dir/home/pi/pico/pico-sdk/src/common/pico_sync/lock_core.c.obj
                0x10001d10                lock_init
 .text.mutex_init
                0x10001d20       0x1c CMakeFiles/main.dir/home/pi/pico/pico-sdk/src/common/pico_sync/mutex.c.obj
                0x10001d20                mutex_init
 .text.recursive_mutex_init
                0x10001d3c       0x1c CMakeFiles/main.dir/home/pi/pico/pico-sdk/src/common/pico_sync/mutex.c.obj
                0x10001d3c                recursive_mutex_init
 .text.critical_section_init
                0x10001d58       0x20 CMakeFiles/main.dir/home/pi/pico/pico-sdk/src/common/pico_sync/critical_section.c.obj
                0x10001d58                critical_section_init
 .text.ph_merge_two_pass.part.3
                0x10001d78       0xcc CMakeFiles/main.dir/home/pi/pico/pico-sdk/src/common/pico_util/pheap.c.obj
 .text.ph_post_alloc_init
                0x10001e44       0x3c CMakeFiles/main.dir/home/pi/pico/pico-sdk/src/common/pico_util/pheap.c.obj
                0x10001e44                ph_post_alloc_init
 .text.ph_remove_head
                0x10001e80      0x158 CMakeFiles/main.dir/home/pi/pico/pico-sdk/src/common/pico_util/pheap.c.obj
                0x10001e80                ph_remove_head
 .text.ph_remove_and_free_node
                0x10001fd8      0x340 CMakeFiles/main.dir/home/pi/pico/pico-sdk/src/common/pico_util/pheap.c.obj
                0x10001fd8                ph_remove_and_free_node
 .text.runtime_init
                0x10002318      0x100 CMakeFiles/main.dir/home/pi/pico/pico-sdk/src/rp2_common/pico_runtime/runtime.c.obj
                0x10002318                runtime_init
 .text._exit    0x10002418        0x4 CMakeFiles/main.dir/home/pi/pico/pico-sdk/src/rp2_common/pico_runtime/runtime.c.obj
                0x10002418                _exit
 .text._sbrk    0x1000241c       0x34 CMakeFiles/main.dir/home/pi/pico/pico-sdk/src/rp2_common/pico_runtime/runtime.c.obj
                0x1000241c                _sbrk
 .text.exit     0x10002450        0x4 CMakeFiles/main.dir/home/pi/pico/pico-sdk/src/rp2_common/pico_runtime/runtime.c.obj
                0x10002450                exit
 .text.panic    0x10002454       0x30 CMakeFiles/main.dir/home/pi/pico/pico-sdk/src/rp2_common/pico_runtime/runtime.c.obj
                0x10002454                panic
 .text.hard_assertion_failure
                0x10002484        0xc CMakeFiles/main.dir/home/pi/pico/pico-sdk/src/rp2_common/pico_runtime/runtime.c.obj
                0x10002484                hard_assertion_failure
 .text.clocks_init
                0x10002490      0x2c8 CMakeFiles/main.dir/home/pi/pico/pico-sdk/src/rp2_common/hardware_clocks/clocks.c.obj
                0x10002490                clocks_init
 .text.clock_get_hz
                0x10002758        0xc CMakeFiles/main.dir/home/pi/pico/pico-sdk/src/rp2_common/hardware_clocks/clocks.c.obj
                0x10002758                clock_get_hz
 .text.irq_set_enabled
                0x10002764       0x24 CMakeFiles/main.dir/home/pi/pico/pico-sdk/src/rp2_common/hardware_irq/irq.c.obj
                0x10002764                irq_set_enabled
 .text.irq_is_enabled
                0x10002788       0x18 CMakeFiles/main.dir/home/pi/pico/pico-sdk/src/rp2_common/hardware_irq/irq.c.obj
                0x10002788                irq_is_enabled
 .text.irq_set_pending
                0x100027a0       0x10 CMakeFiles/main.dir/home/pi/pico/pico-sdk/src/rp2_common/hardware_irq/irq.c.obj
                0x100027a0                irq_set_pending
 .text.irq_get_vtable_handler
                0x100027b0       0x10 CMakeFiles/main.dir/home/pi/pico/pico-sdk/src/rp2_common/hardware_irq/irq.c.obj
                0x100027b0                irq_get_vtable_handler
 .text.irq_set_exclusive_handler
                0x100027c0       0x54 CMakeFiles/main.dir/home/pi/pico/pico-sdk/src/rp2_common/hardware_irq/irq.c.obj
                0x100027c0                irq_set_exclusive_handler
 .text.irq_remove_handler
                0x10002814      0x1bc CMakeFiles/main.dir/home/pi/pico/pico-sdk/src/rp2_common/hardware_irq/irq.c.obj
                0x10002814                irq_remove_handler
 .text.irq_add_tail_to_free_list
                0x100029d0       0xb4 CMakeFiles/main.dir/home/pi/pico/pico-sdk/src/rp2_common/hardware_irq/irq.c.obj
                0x100029d0                irq_add_tail_to_free_list
 .text.irq_init_priorities
                0x10002a84       0x38 CMakeFiles/main.dir/home/pi/pico/pico-sdk/src/rp2_common/hardware_irq/irq.c.obj
                0x10002a84                irq_init_priorities
 .text.pll_init
                0x10002abc       0xa4 CMakeFiles/main.dir/home/pi/pico/pico-sdk/src/rp2_common/hardware_pll/pll.c.obj
                0x10002abc                pll_init
 .text.watchdog_start_tick
                0x10002b60       0x10 CMakeFiles/main.dir/home/pi/pico/pico-sdk/src/rp2_common/hardware_watchdog/watchdog.c.obj
                0x10002b60                watchdog_start_tick
 .text.watchdog_reboot
                0x10002b70       0x94 CMakeFiles/main.dir/home/pi/pico/pico-sdk/src/rp2_common/hardware_watchdog/watchdog.c.obj
                0x10002b70                watchdog_reboot
 .text.xosc_init
                0x10002c04       0x28 CMakeFiles/main.dir/home/pi/pico/pico-sdk/src/rp2_common/hardware_xosc/xosc.c.obj
                0x10002c04                xosc_init
 .text._out_buffer
                0x10002c2c        0x8 CMakeFiles/main.dir/home/pi/pico/pico-sdk/src/rp2_common/pico_printf/printf.c.obj
 .text._out_null
                0x10002c34        0x4 CMakeFiles/main.dir/home/pi/pico/pico-sdk/src/rp2_common/pico_printf/printf.c.obj
 .text._out_fct
                0x10002c38       0x10 CMakeFiles/main.dir/home/pi/pico/pico-sdk/src/rp2_common/pico_printf/printf.c.obj
 .text._out_char
                0x10002c48        0xc CMakeFiles/main.dir/home/pi/pico/pico-sdk/src/rp2_common/pico_printf/printf.c.obj
 .text._ntoa_format
                0x10002c54      0x270 CMakeFiles/main.dir/home/pi/pico/pico-sdk/src/rp2_common/pico_printf/printf.c.obj
 .text._etoa.part.0
                0x10002ec4      0x56c CMakeFiles/main.dir/home/pi/pico/pico-sdk/src/rp2_common/pico_printf/printf.c.obj
 .text._ftoa    0x10003430      0x6f8 CMakeFiles/main.dir/home/pi/pico/pico-sdk/src/rp2_common/pico_printf/printf.c.obj
 .text._ftoa.part.1
                0x10003b28      0x54c CMakeFiles/main.dir/home/pi/pico/pico-sdk/src/rp2_common/pico_printf/printf.c.obj
 .text._vsnprintf
                0x10004074     0x11e0 CMakeFiles/main.dir/home/pi/pico/pico-sdk/src/rp2_common/pico_printf/printf.c.obj
 .text.__wrap_vsnprintf
                0x10005254       0x1c CMakeFiles/main.dir/home/pi/pico/pico-sdk/src/rp2_common/pico_printf/printf.c.obj
                0x10005254                __wrap_vsnprintf
 .text.vfctprintf
                0x10005270       0x20 CMakeFiles/main.dir/home/pi/pico/pico-sdk/src/rp2_common/pico_printf/printf.c.obj
                0x10005270                vfctprintf
 .text.weak_raw_vprintf
                0x10005290       0x30 CMakeFiles/main.dir/home/pi/pico/pico-sdk/src/rp2_common/pico_printf/printf.c.obj
                0x10005290                weak_raw_vprintf
 .text          0x100052c0       0x10 CMakeFiles/main.dir/home/pi/pico/pico-sdk/src/rp2_common/pico_bit_ops/bit_ops_aeabi.S.obj
 .text.rom_func_lookup
                0x100052d0       0x10 CMakeFiles/main.dir/home/pi/pico/pico-sdk/src/rp2_common/pico_bootrom/bootrom.c.obj
                0x100052d0                rom_func_lookup
 .text.rom_data_lookup
                0x100052e0       0x10 CMakeFiles/main.dir/home/pi/pico/pico-sdk/src/rp2_common/pico_bootrom/bootrom.c.obj
                0x100052e0                rom_data_lookup
 .text.rom_funcs_lookup
                0x100052f0       0x3c CMakeFiles/main.dir/home/pi/pico/pico-sdk/src/rp2_common/pico_bootrom/bootrom.c.obj
                0x100052f0                rom_funcs_lookup
 .text.__wrap___aeabi_idiv
                0x1000532c       0x50 CMakeFiles/main.dir/home/pi/pico/pico-sdk/src/rp2_common/pico_divider/divider.S.obj
                0x1000532c                __wrap___aeabi_idivmod
                0x1000532c                divmod_s32s32
                0x1000532c                div_s32s32
                0x1000532c                __wrap___aeabi_idiv
                0x10005334                divmod_s32s32_unsafe
                0x10005360                divmod_s32s32_savestate
 .text.__wrap___aeabi_uidiv
                0x1000537c       0x4c CMakeFiles/main.dir/home/pi/pico/pico-sdk/src/rp2_common/pico_divider/divider.S.obj
                0x1000537c                __wrap___aeabi_uidiv
                0x1000537c                __wrap___aeabi_uidivmod
                0x1000537c                div_u32u32
                0x1000537c                divmod_u32u32
                0x10005384                divmod_u32u32_unsafe
                0x100053ac                divmod_u32u32_savestate
 .text.__wrap___aeabi_ldiv
                0x100053c8      0x430 CMakeFiles/main.dir/home/pi/pico/pico-sdk/src/rp2_common/pico_divider/divider.S.obj
                0x100053c8                div_s64s64
                0x100053c8                divmod_s64s64
                0x100053c8                __wrap___aeabi_ldivmod
                0x10005400                div_u64u64
                0x10005400                divmod_u64u64
                0x10005400                __wrap___aeabi_uldivmod
                0x10005410                divmod_u64u64_savestate
                0x10005438                divmod_s64s64_unsafe
                0x100054c0                divmod_u64u64_unsafe
 .text.__wrap___aeabi_darithmetic
                0x100057f8       0x80 CMakeFiles/main.dir/home/pi/pico/pico-sdk/src/rp2_common/pico_double/double_aeabi.S.obj
                0x100057f8                __wrap___aeabi_drsub
                0x100057fe                __wrap___aeabi_dsub
                0x10005810                __wrap___aeabi_dadd
                0x10005822                __wrap___aeabi_ddiv
                0x1000585e                __wrap___aeabi_dmul
 .text.__wrap___aeabi_cdcmple
                0x10005878       0x6c CMakeFiles/main.dir/home/pi/pico/pico-sdk/src/rp2_common/pico_double/double_aeabi.S.obj
                0x10005878                __wrap___aeabi_cdrcmple
                0x10005888                __wrap___aeabi_cdcmple
                0x10005888                __wrap___aeabi_cdcmpeq
 .text.__wrap___aeabi_dcmplt
                0x100058e4        0xc CMakeFiles/main.dir/home/pi/pico/pico-sdk/src/rp2_common/pico_double/double_aeabi.S.obj
                0x100058e4                __wrap___aeabi_dcmplt
 .text.__wrap___aeabi_dcmpge
                0x100058f0       0x10 CMakeFiles/main.dir/home/pi/pico/pico-sdk/src/rp2_common/pico_double/double_aeabi.S.obj
                0x100058f0                __wrap___aeabi_dcmpge
 .text.__wrap___aeabi_dcmpgt
                0x10005900        0xa CMakeFiles/main.dir/home/pi/pico/pico-sdk/src/rp2_common/pico_double/double_aeabi.S.obj
                0x10005900                __wrap___aeabi_dcmpgt
 .text.__wrap___aeabi_dcmpun
                0x1000590a       0x1c CMakeFiles/main.dir/home/pi/pico/pico-sdk/src/rp2_common/pico_double/double_aeabi.S.obj
                0x1000590a                __wrap___aeabi_dcmpun
 *fill*         0x10005926        0x2 
 .text.__wrap___aeabi_i2d
                0x10005928       0x38 CMakeFiles/main.dir/home/pi/pico/pico-sdk/src/rp2_common/pico_double/double_aeabi.S.obj
                0x10005928                __wrap___aeabi_ui2d
                0x10005930                __wrap___aeabi_i2d
 .text.__wrap___aeabi_d2iz
                0x10005960       0x48 CMakeFiles/main.dir/home/pi/pico/pico-sdk/src/rp2_common/pico_double/double_aeabi.S.obj
                0x10005960                __wrap___aeabi_d2iz
                0x10005960                double2int_z
 .text.__wrap___aeabi_d2uiz
                0x100059a8       0x18 CMakeFiles/main.dir/home/pi/pico/pico-sdk/src/rp2_common/pico_double/double_aeabi.S.obj
                0x100059a8                double2uint
                0x100059a8                __wrap___aeabi_d2uiz
 .text.__wrap___aeabi_d2f
                0x100059c0       0x18 CMakeFiles/main.dir/home/pi/pico/pico-sdk/src/rp2_common/pico_double/double_aeabi.S.obj
                0x100059c0                __wrap___aeabi_d2f
 .text.__aeabi_double_init
                0x100059d8       0x4c CMakeFiles/main.dir/home/pi/pico/pico-sdk/src/rp2_common/pico_double/double_init_rom.c.obj
                0x100059d8                __aeabi_double_init
 .text.double_table_shim_on_use_helper
                0x10005a24       0x2c CMakeFiles/main.dir/home/pi/pico/pico-sdk/src/rp2_common/pico_double/double_v1_rom_shim.S.obj
                0x10005a24                double_table_shim_on_use_helper
 .text.__wrap___aeabi_dsub
                0x10005a50       0x10 CMakeFiles/main.dir/home/pi/pico/pico-sdk/src/rp2_common/pico_double/double_v1_rom_shim.S.obj
                0x10005a50                drsub_shim
                0x10005a56                dsub_shim
 .text.dadd_shim
                0x10005a60      0x15c CMakeFiles/main.dir/home/pi/pico/pico-sdk/src/rp2_common/pico_double/double_v1_rom_shim.S.obj
                0x10005a60                dadd_shim
 .text.dmul_shim
                0x10005bbc      0x15c CMakeFiles/main.dir/home/pi/pico/pico-sdk/src/rp2_common/pico_double/double_v1_rom_shim.S.obj
                0x10005bbc                dmul_shim
 .text.ddiv_shim
                0x10005d18      0x1b0 CMakeFiles/main.dir/home/pi/pico/pico-sdk/src/rp2_common/pico_double/double_v1_rom_shim.S.obj
                0x10005d18                ddiv_shim
 .text.dcordic_rot_step
                0x10005ec8       0x7c CMakeFiles/main.dir/home/pi/pico/pico-sdk/src/rp2_common/pico_double/double_v1_rom_shim.S.obj
                0x10005ec8                dcordic_rot_step
 .text.double2uint_shim
                0x10005f44        0xe CMakeFiles/main.dir/home/pi/pico/pico-sdk/src/rp2_common/pico_double/double_v1_rom_shim.S.obj
                0x10005f44                double2uint_shim
                0x10005f46                double2ufix_shim
 *fill*         0x10005f52        0x2 
 .text.double2uint64_shim
                0x10005f54       0x6c CMakeFiles/main.dir/home/pi/pico/pico-sdk/src/rp2_common/pico_double/double_v1_rom_shim.S.obj
                0x10005f54                double2uint64_shim
                0x10005f56                double2ufix64_shim
                0x10005f70                d2fix_a
 .text.double2float_shim
                0x10005fc0       0x5c CMakeFiles/main.dir/home/pi/pico/pico-sdk/src/rp2_common/pico_double/double_v1_rom_shim.S.obj
                0x10005fc0                double2float_shim
 .text.dunpacks
                0x1000601c       0x3c CMakeFiles/main.dir/home/pi/pico/pico-sdk/src/rp2_common/pico_double/double_v1_rom_shim.S.obj
                0x1000601c                dunpacks
 .text.__aeabi_lmul
                0x10006058       0x32 CMakeFiles/main.dir/home/pi/pico/pico-sdk/src/rp2_common/pico_int64_ops/pico_int64_ops_aeabi.S.obj
                0x10006058                __wrap___aeabi_lmul
 *fill*         0x1000608a        0x2 
 .text.__wrap___aeabi_farithmetic
                0x1000608c       0x48 CMakeFiles/main.dir/home/pi/pico/pico-sdk/src/rp2_common/pico_float/float_aeabi.S.obj
                0x1000608c                __wrap___aeabi_frsub
                0x10006092                __wrap___aeabi_fsub
                0x10006098                __wrap___aeabi_fadd
                0x1000609e                __wrap___aeabi_fdiv
                0x100060c6                __wrap___aeabi_fmul
 .text.__wrap___aeabi_f2d
                0x100060d4       0x14 CMakeFiles/main.dir/home/pi/pico/pico-sdk/src/rp2_common/pico_float/float_aeabi.S.obj
                0x100060d4                __wrap___aeabi_f2d
 .text.__aeabi_float_init
                0x100060e8       0x68 CMakeFiles/main.dir/home/pi/pico/pico-sdk/src/rp2_common/pico_float/float_init_rom.c.obj
                0x100060e8                __aeabi_float_init
 .text.float_table_shim_on_use_helper
                0x10006150       0x2c CMakeFiles/main.dir/home/pi/pico/pico-sdk/src/rp2_common/pico_float/float_v1_rom_shim.S.obj
                0x10006150                float_table_shim_on_use_helper
 .text.float2double_shim
                0x1000617c       0x30 CMakeFiles/main.dir/home/pi/pico/pico-sdk/src/rp2_common/pico_float/float_v1_rom_shim.S.obj
                0x1000617c                float2double_shim
 .text.__wrap_malloc
                0x100061ac       0x3c CMakeFiles/main.dir/home/pi/pico/pico-sdk/src/rp2_common/pico_malloc/pico_malloc.c.obj
                0x100061ac                __wrap_malloc
 .text.__wrap_free
                0x100061e8       0x20 CMakeFiles/main.dir/home/pi/pico/pico-sdk/src/rp2_common/pico_malloc/pico_malloc.c.obj
                0x100061e8                __wrap_free
 .text          0x10006208       0x10 CMakeFiles/main.dir/home/pi/pico/pico-sdk/src/rp2_common/pico_mem_ops/mem_ops_aeabi.S.obj
                0x10006208                __aeabi_mem_init
 .text.memset   0x10006218        0xc CMakeFiles/main.dir/home/pi/pico/pico-sdk/src/rp2_common/pico_mem_ops/mem_ops_aeabi.S.obj
                0x10006218                __wrap_memset
 .text.memcpy   0x10006224        0xc CMakeFiles/main.dir/home/pi/pico/pico-sdk/src/rp2_common/pico_mem_ops/mem_ops_aeabi.S.obj
                0x10006224                __wrap___aeabi_memcpy
                0x10006224                __wrap_memcpy
 .text._Znwj    0x10006230        0x8 CMakeFiles/main.dir/home/pi/pico/pico-sdk/src/rp2_common/pico_standard_link/new_delete.cpp.obj
                0x10006230                operator new(unsigned int)
 .text._Znaj    0x10006238        0x8 CMakeFiles/main.dir/home/pi/pico/pico-sdk/src/rp2_common/pico_standard_link/new_delete.cpp.obj
                0x10006238                operator new[](unsigned int)
 .text._ZdlPv   0x10006240        0x8 CMakeFiles/main.dir/home/pi/pico/pico-sdk/src/rp2_common/pico_standard_link/new_delete.cpp.obj
                0x10006240                operator delete(void*)
 .text._ZdlPvj  0x10006248        0x8 CMakeFiles/main.dir/home/pi/pico/pico-sdk/src/rp2_common/pico_standard_link/new_delete.cpp.obj
                0x10006248                operator delete(void*, unsigned int)
 .text.stdio_out_chars_crlf.part.0
                0x10006250       0x8c CMakeFiles/main.dir/home/pi/pico/pico-sdk/src/rp2_common/pico_stdio/stdio.c.obj
 .text.stdio_buffered_printer
                0x100062dc       0x70 CMakeFiles/main.dir/home/pi/pico/pico-sdk/src/rp2_common/pico_stdio/stdio.c.obj
 .text.__wrap_putchar
                0x1000634c       0xb0 CMakeFiles/main.dir/home/pi/pico/pico-sdk/src/rp2_common/pico_stdio/stdio.c.obj
                0x1000634c                __wrap_putchar
 .text.__wrap_puts
                0x100063fc      0x120 CMakeFiles/main.dir/home/pi/pico/pico-sdk/src/rp2_common/pico_stdio/stdio.c.obj
                0x100063fc                __wrap_puts
 .text.stdio_set_driver_enabled
                0x1000651c       0x3c CMakeFiles/main.dir/home/pi/pico/pico-sdk/src/rp2_common/pico_stdio/stdio.c.obj
                0x1000651c                stdio_set_driver_enabled
 .text.__wrap_vprintf
                0x10006558       0xe0 CMakeFiles/main.dir/home/pi/pico/pico-sdk/src/rp2_common/pico_stdio/stdio.c.obj
                0x10006558                __wrap_vprintf
 .text.__wrap_printf
                0x10006638       0x18 CMakeFiles/main.dir/home/pi/pico/pico-sdk/src/rp2_common/pico_stdio/stdio.c.obj
                0x10006638                __wrap_printf
 .text.stdio_init_all
                0x10006650        0x8 CMakeFiles/main.dir/home/pi/pico/pico-sdk/src/rp2_common/pico_stdio/stdio.c.obj
                0x10006650                stdio_init_all
 .text.resetd_init
                0x10006658        0x4 CMakeFiles/main.dir/home/pi/pico/pico-sdk/src/rp2_common/pico_stdio_usb/reset_interface.c.obj
 .text.resetd_reset
                0x1000665c        0xc CMakeFiles/main.dir/home/pi/pico/pico-sdk/src/rp2_common/pico_stdio_usb/reset_interface.c.obj
 .text.resetd_xfer_cb
                0x10006668        0x4 CMakeFiles/main.dir/home/pi/pico/pico-sdk/src/rp2_common/pico_stdio_usb/reset_interface.c.obj
 .text.resetd_open
                0x1000666c       0x28 CMakeFiles/main.dir/home/pi/pico/pico-sdk/src/rp2_common/pico_stdio_usb/reset_interface.c.obj
 .text.resetd_control_xfer_cb
                0x10006694       0x64 CMakeFiles/main.dir/home/pi/pico/pico-sdk/src/rp2_common/pico_stdio_usb/reset_interface.c.obj
 .text.usbd_app_driver_get_cb
                0x100066f8        0xc CMakeFiles/main.dir/home/pi/pico/pico-sdk/src/rp2_common/pico_stdio_usb/reset_interface.c.obj
                0x100066f8                usbd_app_driver_get_cb
 .text.tud_cdc_line_coding_cb
                0x10006704       0x34 CMakeFiles/main.dir/home/pi/pico/pico-sdk/src/rp2_common/pico_stdio_usb/reset_interface.c.obj
                0x10006704                tud_cdc_line_coding_cb
 .text.stdio_usb_in_chars
                0x10006738       0x68 CMakeFiles/main.dir/home/pi/pico/pico-sdk/src/rp2_common/pico_stdio_usb/stdio_usb.c.obj
                0x10006738                stdio_usb_in_chars
 .text.timer_task
                0x100067a0       0x10 CMakeFiles/main.dir/home/pi/pico/pico-sdk/src/rp2_common/pico_stdio_usb/stdio_usb.c.obj
 .text.low_priority_worker_irq
                0x100067b0       0x20 CMakeFiles/main.dir/home/pi/pico/pico-sdk/src/rp2_common/pico_stdio_usb/stdio_usb.c.obj
 .text.stdio_usb_out_chars
                0x100067d0       0xf0 CMakeFiles/main.dir/home/pi/pico/pico-sdk/src/rp2_common/pico_stdio_usb/stdio_usb.c.obj
 .text.stdio_usb_init
                0x100068c0       0x8c CMakeFiles/main.dir/home/pi/pico/pico-sdk/src/rp2_common/pico_stdio_usb/stdio_usb.c.obj
                0x100068c0                stdio_usb_init
 .text.tud_descriptor_device_cb
                0x1000694c        0x8 CMakeFiles/main.dir/home/pi/pico/pico-sdk/src/rp2_common/pico_stdio_usb/stdio_usb_descriptors.c.obj
                0x1000694c                tud_descriptor_device_cb
 .text.tud_descriptor_configuration_cb
                0x10006954        0x8 CMakeFiles/main.dir/home/pi/pico/pico-sdk/src/rp2_common/pico_stdio_usb/stdio_usb_descriptors.c.obj
                0x10006954                tud_descriptor_configuration_cb
 .text.tud_descriptor_string_cb
                0x1000695c       0x70 CMakeFiles/main.dir/home/pi/pico/pico-sdk/src/rp2_common/pico_stdio_usb/stdio_usb_descriptors.c.obj
                0x1000695c                tud_descriptor_string_cb
 .text.dcd_rp2040_irq
                0x100069cc      0x144 CMakeFiles/main.dir/home/pi/pico/pico-sdk/lib/tinyusb/src/portable/raspberrypi/rp2040/dcd_rp2040.c.obj
 .text.dcd_int_enable
                0x10006b10        0xc CMakeFiles/main.dir/home/pi/pico/pico-sdk/lib/tinyusb/src/portable/raspberrypi/rp2040/dcd_rp2040.c.obj
                0x10006b10                dcd_int_enable
 .text.dcd_set_address
                0x10006b1c       0x28 CMakeFiles/main.dir/home/pi/pico/pico-sdk/lib/tinyusb/src/portable/raspberrypi/rp2040/dcd_rp2040.c.obj
                0x10006b1c                dcd_set_address
 .text.dcd_connect
                0x10006b44       0x10 CMakeFiles/main.dir/home/pi/pico/pico-sdk/lib/tinyusb/src/portable/raspberrypi/rp2040/dcd_rp2040.c.obj
                0x10006b44                dcd_connect
 .text.dcd_init
                0x10006b54       0x98 CMakeFiles/main.dir/home/pi/pico/pico-sdk/lib/tinyusb/src/portable/raspberrypi/rp2040/dcd_rp2040.c.obj
                0x10006b54                dcd_init
 .text.dcd_edpt0_status_complete
                0x10006bec       0x30 CMakeFiles/main.dir/home/pi/pico/pico-sdk/lib/tinyusb/src/portable/raspberrypi/rp2040/dcd_rp2040.c.obj
                0x10006bec                dcd_edpt0_status_complete
 .text.dcd_edpt_open
                0x10006c1c      0x140 CMakeFiles/main.dir/home/pi/pico/pico-sdk/lib/tinyusb/src/portable/raspberrypi/rp2040/dcd_rp2040.c.obj
                0x10006c1c                dcd_edpt_open
 .text.dcd_edpt_xfer
                0x10006d5c       0x28 CMakeFiles/main.dir/home/pi/pico/pico-sdk/lib/tinyusb/src/portable/raspberrypi/rp2040/dcd_rp2040.c.obj
                0x10006d5c                dcd_edpt_xfer
 .text.dcd_edpt_stall
                0x10006d84       0x48 CMakeFiles/main.dir/home/pi/pico/pico-sdk/lib/tinyusb/src/portable/raspberrypi/rp2040/dcd_rp2040.c.obj
                0x10006d84                dcd_edpt_stall
 .text.dcd_edpt_clear_stall
                0x10006dcc       0x44 CMakeFiles/main.dir/home/pi/pico/pico-sdk/lib/tinyusb/src/portable/raspberrypi/rp2040/dcd_rp2040.c.obj
                0x10006dcc                dcd_edpt_clear_stall
 .text.rp2040_usb_init
                0x10006e10       0x50 CMakeFiles/main.dir/home/pi/pico/pico-sdk/lib/tinyusb/src/portable/raspberrypi/rp2040/rp2040_usb.c.obj
                0x10006e10                rp2040_usb_init
 .text.hw_endpoint_reset_transfer
                0x10006e60       0x10 CMakeFiles/main.dir/home/pi/pico/pico-sdk/lib/tinyusb/src/portable/raspberrypi/rp2040/rp2040_usb.c.obj
                0x10006e60                hw_endpoint_reset_transfer
 .text._hw_endpoint_buffer_control_update32
                0x10006e70       0x58 CMakeFiles/main.dir/home/pi/pico/pico-sdk/lib/tinyusb/src/portable/raspberrypi/rp2040/rp2040_usb.c.obj
                0x10006e70                _hw_endpoint_buffer_control_update32
 .text._hw_endpoint_start_next_buffer
                0x10006ec8       0x7c CMakeFiles/main.dir/home/pi/pico/pico-sdk/lib/tinyusb/src/portable/raspberrypi/rp2040/rp2040_usb.c.obj
                0x10006ec8                _hw_endpoint_start_next_buffer
 .text._hw_endpoint_xfer_continue
                0x10006f44      0x120 CMakeFiles/main.dir/home/pi/pico/pico-sdk/lib/tinyusb/src/portable/raspberrypi/rp2040/rp2040_usb.c.obj
                0x10006f44                _hw_endpoint_xfer_continue
 .text._hw_endpoint_xfer
                0x10007064      0x160 CMakeFiles/main.dir/home/pi/pico/pico-sdk/lib/tinyusb/src/portable/raspberrypi/rp2040/rp2040_usb.c.obj
                0x10007064                _hw_endpoint_xfer
 .text.tud_mounted
                0x100071c4       0x10 CMakeFiles/main.dir/home/pi/pico/pico-sdk/lib/tinyusb/src/device/usbd.c.obj
                0x100071c4                tud_mounted
 .text.tud_suspended
                0x100071d4       0x10 CMakeFiles/main.dir/home/pi/pico/pico-sdk/lib/tinyusb/src/device/usbd.c.obj
                0x100071d4                tud_suspended
 .text.tud_inited
                0x100071e4        0xc CMakeFiles/main.dir/home/pi/pico/pico-sdk/lib/tinyusb/src/device/usbd.c.obj
                0x100071e4                tud_inited
 .text.tud_init
                0x100071f0       0xdc CMakeFiles/main.dir/home/pi/pico/pico-sdk/lib/tinyusb/src/device/usbd.c.obj
                0x100071f0                tud_init
 .text.tud_task
                0x100072cc      0x84c CMakeFiles/main.dir/home/pi/pico/pico-sdk/lib/tinyusb/src/device/usbd.c.obj
                0x100072cc                tud_task
 .text.dcd_event_bus_signal
                0x10007b18       0xe8 CMakeFiles/main.dir/home/pi/pico/pico-sdk/lib/tinyusb/src/device/usbd.c.obj
                0x10007b18                dcd_event_bus_signal
 .text.dcd_event_bus_reset
                0x10007c00       0x58 CMakeFiles/main.dir/home/pi/pico/pico-sdk/lib/tinyusb/src/device/usbd.c.obj
                0x10007c00                dcd_event_bus_reset
 .text.dcd_event_setup_received
                0x10007c58       0x50 CMakeFiles/main.dir/home/pi/pico/pico-sdk/lib/tinyusb/src/device/usbd.c.obj
                0x10007c58                dcd_event_setup_received
 .text.dcd_event_xfer_complete
                0x10007ca8       0x68 CMakeFiles/main.dir/home/pi/pico/pico-sdk/lib/tinyusb/src/device/usbd.c.obj
                0x10007ca8                dcd_event_xfer_complete
 .text.usbd_open_edpt_pair
                0x10007d10       0xf4 CMakeFiles/main.dir/home/pi/pico/pico-sdk/lib/tinyusb/src/device/usbd.c.obj
                0x10007d10                usbd_open_edpt_pair
 .text.usbd_edpt_open
                0x10007e04       0x8c CMakeFiles/main.dir/home/pi/pico/pico-sdk/lib/tinyusb/src/device/usbd.c.obj
                0x10007e04                usbd_edpt_open
 .text.usbd_edpt_claim
                0x10007e90       0x5c CMakeFiles/main.dir/home/pi/pico/pico-sdk/lib/tinyusb/src/device/usbd.c.obj
                0x10007e90                usbd_edpt_claim
 .text.usbd_edpt_release
                0x10007eec       0x4c CMakeFiles/main.dir/home/pi/pico/pico-sdk/lib/tinyusb/src/device/usbd.c.obj
                0x10007eec                usbd_edpt_release
 .text.usbd_edpt_xfer
                0x10007f38       0x48 CMakeFiles/main.dir/home/pi/pico/pico-sdk/lib/tinyusb/src/device/usbd.c.obj
                0x10007f38                usbd_edpt_xfer
 .text.tud_control_status
                0x10007f80       0x30 CMakeFiles/main.dir/home/pi/pico/pico-sdk/lib/tinyusb/src/device/usbd_control.c.obj
                0x10007f80                tud_control_status
 .text.tud_control_xfer
                0x10007fb0       0xb4 CMakeFiles/main.dir/home/pi/pico/pico-sdk/lib/tinyusb/src/device/usbd_control.c.obj
                0x10007fb0                tud_control_xfer
 .text.usbd_control_reset
                0x10008064       0x14 CMakeFiles/main.dir/home/pi/pico/pico-sdk/lib/tinyusb/src/device/usbd_control.c.obj
                0x10008064                usbd_control_reset
 .text.usbd_control_set_complete_callback
                0x10008078        0xc CMakeFiles/main.dir/home/pi/pico/pico-sdk/lib/tinyusb/src/device/usbd_control.c.obj
                0x10008078                usbd_control_set_complete_callback
 .text.usbd_control_set_request
                0x10008084       0x1c CMakeFiles/main.dir/home/pi/pico/pico-sdk/lib/tinyusb/src/device/usbd_control.c.obj
                0x10008084                usbd_control_set_request
 .text.usbd_control_xfer_cb
                0x100080a0       0xfc CMakeFiles/main.dir/home/pi/pico/pico-sdk/lib/tinyusb/src/device/usbd_control.c.obj
                0x100080a0                usbd_control_xfer_cb
 .text.tud_cdc_n_connected
                0x1000819c       0x30 CMakeFiles/main.dir/home/pi/pico/pico-sdk/lib/tinyusb/src/class/cdc/cdc_device.c.obj
                0x1000819c                tud_cdc_n_connected
 .text.tud_cdc_n_available
                0x100081cc       0x1c CMakeFiles/main.dir/home/pi/pico/pico-sdk/lib/tinyusb/src/class/cdc/cdc_device.c.obj
                0x100081cc                tud_cdc_n_available
 .text.tud_cdc_n_read
                0x100081e8       0x70 CMakeFiles/main.dir/home/pi/pico/pico-sdk/lib/tinyusb/src/class/cdc/cdc_device.c.obj
                0x100081e8                tud_cdc_n_read
 .text.tud_cdc_n_write
                0x10008258       0x90 CMakeFiles/main.dir/home/pi/pico/pico-sdk/lib/tinyusb/src/class/cdc/cdc_device.c.obj
                0x10008258                tud_cdc_n_write
 .text.tud_cdc_n_write_flush
                0x100082e8       0x78 CMakeFiles/main.dir/home/pi/pico/pico-sdk/lib/tinyusb/src/class/cdc/cdc_device.c.obj
                0x100082e8                tud_cdc_n_write_flush
 .text.tud_cdc_n_write_available
                0x10008360       0x1c CMakeFiles/main.dir/home/pi/pico/pico-sdk/lib/tinyusb/src/class/cdc/cdc_device.c.obj
                0x10008360                tud_cdc_n_write_available
 .text.cdcd_init
                0x1000837c       0x7c CMakeFiles/main.dir/home/pi/pico/pico-sdk/lib/tinyusb/src/class/cdc/cdc_device.c.obj
                0x1000837c                cdcd_init
 .text.cdcd_reset
                0x100083f8       0x2c CMakeFiles/main.dir/home/pi/pico/pico-sdk/lib/tinyusb/src/class/cdc/cdc_device.c.obj
                0x100083f8                cdcd_reset
 .text.cdcd_open
                0x10008424       0xec CMakeFiles/main.dir/home/pi/pico/pico-sdk/lib/tinyusb/src/class/cdc/cdc_device.c.obj
                0x10008424                cdcd_open
 .text.cdcd_control_xfer_cb
                0x10008510       0xe4 CMakeFiles/main.dir/home/pi/pico/pico-sdk/lib/tinyusb/src/class/cdc/cdc_device.c.obj
                0x10008510                cdcd_control_xfer_cb
 .text.cdcd_xfer_cb
                0x100085f4      0x198 CMakeFiles/main.dir/home/pi/pico/pico-sdk/lib/tinyusb/src/class/cdc/cdc_device.c.obj
                0x100085f4                cdcd_xfer_cb
 .text.tusb_init
                0x1000878c        0xc CMakeFiles/main.dir/home/pi/pico/pico-sdk/lib/tinyusb/src/tusb.c.obj
                0x1000878c                tusb_init
 .text.tusb_inited
                0x10008798        0x8 CMakeFiles/main.dir/home/pi/pico/pico-sdk/lib/tinyusb/src/tusb.c.obj
                0x10008798                tusb_inited
 .text.tu_fifo_config
                0x100087a0       0x78 CMakeFiles/main.dir/home/pi/pico/pico-sdk/lib/tinyusb/src/common/tusb_fifo.c.obj
                0x100087a0                tu_fifo_config
 .text.tu_fifo_count
                0x10008818       0x24 CMakeFiles/main.dir/home/pi/pico/pico-sdk/lib/tinyusb/src/common/tusb_fifo.c.obj
                0x10008818                tu_fifo_count
 .text.tu_fifo_empty
                0x1000883c       0x10 CMakeFiles/main.dir/home/pi/pico/pico-sdk/lib/tinyusb/src/common/tusb_fifo.c.obj
                0x1000883c                tu_fifo_empty
 .text.tu_fifo_remaining
                0x1000884c       0x20 CMakeFiles/main.dir/home/pi/pico/pico-sdk/lib/tinyusb/src/common/tusb_fifo.c.obj
                0x1000884c                tu_fifo_remaining
 .text.tu_fifo_read
                0x1000886c       0xa0 CMakeFiles/main.dir/home/pi/pico/pico-sdk/lib/tinyusb/src/common/tusb_fifo.c.obj
                0x1000886c                tu_fifo_read
 .text.tu_fifo_read_n
                0x1000890c       0xf4 CMakeFiles/main.dir/home/pi/pico/pico-sdk/lib/tinyusb/src/common/tusb_fifo.c.obj
                0x1000890c                tu_fifo_read_n
 .text.tu_fifo_write
                0x10008a00       0x7c CMakeFiles/main.dir/home/pi/pico/pico-sdk/lib/tinyusb/src/common/tusb_fifo.c.obj
                0x10008a00                tu_fifo_write
 .text.tu_fifo_write_n
                0x10008a7c       0xf8 CMakeFiles/main.dir/home/pi/pico/pico-sdk/lib/tinyusb/src/common/tusb_fifo.c.obj
                0x10008a7c                tu_fifo_write_n
 .text.tu_fifo_clear
                0x10008b74       0x4c CMakeFiles/main.dir/home/pi/pico/pico-sdk/lib/tinyusb/src/common/tusb_fifo.c.obj
                0x10008b74                tu_fifo_clear
 .text.tu_fifo_set_overwritable
                0x10008bc0       0x3c CMakeFiles/main.dir/home/pi/pico/pico-sdk/lib/tinyusb/src/common/tusb_fifo.c.obj
                0x10008bc0                tu_fifo_set_overwritable
 .text.startup._retrieve_unique_id_on_boot
                0x10008bfc       0x10 CMakeFiles/main.dir/home/pi/pico/pico-sdk/src/rp2_common/pico_unique_id/unique_id.c.obj
 .text.pico_get_unique_board_id_string
                0x10008c0c      0x1cc CMakeFiles/main.dir/home/pi/pico/pico-sdk/src/rp2_common/pico_unique_id/unique_id.c.obj
                0x10008c0c                pico_get_unique_board_id_string
 .text.flash_get_unique_id
                0x10008dd8       0x3c CMakeFiles/main.dir/home/pi/pico/pico-sdk/src/rp2_common/hardware_flash/flash.c.obj
                0x10008dd8                flash_get_unique_id
 .text.i2c_init
                0x10008e14      0x108 CMakeFiles/main.dir/home/pi/pico/pico-sdk/src/rp2_common/hardware_i2c/i2c.c.obj
                0x10008e14                i2c_init
 .text.i2c_write_blocking
                0x10008f1c       0xdc CMakeFiles/main.dir/home/pi/pico/pico-sdk/src/rp2_common/hardware_i2c/i2c.c.obj
                0x10008f1c                i2c_write_blocking
 .text.core1_trampoline
                0x10008ff8        0x4 CMakeFiles/main.dir/home/pi/pico/pico-sdk/src/rp2_common/pico_multicore/multicore.c.obj
 .text.core1_wrapper
                0x10008ffc        0xc CMakeFiles/main.dir/home/pi/pico/pico-sdk/src/rp2_common/pico_multicore/multicore.c.obj
                0x10008ffc                core1_wrapper
 .text.multicore_fifo_push_blocking
                0x10009008       0x14 CMakeFiles/main.dir/home/pi/pico/pico-sdk/src/rp2_common/pico_multicore/multicore.c.obj
                0x10009008                multicore_fifo_push_blocking
 .text.multicore_fifo_pop_blocking
                0x1000901c       0x1c CMakeFiles/main.dir/home/pi/pico/pico-sdk/src/rp2_common/pico_multicore/multicore.c.obj
                0x1000901c                multicore_fifo_pop_blocking
 .text.multicore_launch_core1
                0x10009038       0xc0 CMakeFiles/main.dir/home/pi/pico/pico-sdk/src/rp2_common/pico_multicore/multicore.c.obj
                0x10009038                multicore_launch_core1
 .text._ZNSt7__cxx1112basic_stringIcSt11char_traitsIcESaIcEE9_M_createERjj
                0x100090f8       0x3c /usr/lib/gcc/arm-none-eabi/7.3.1/../../../arm-none-eabi/lib/thumb/v6-m/libstdc++.a(string-inst.o)
                0x100090f8                std::__cxx11::basic_string<char, std::char_traits<char>, std::allocator<char> >::_M_create(unsigned int&, unsigned int)
 .text._ZNSt7__cxx1112basic_stringIcSt11char_traitsIcESaIcEE9_M_mutateEjjPKcj
                0x10009134       0xc0 /usr/lib/gcc/arm-none-eabi/7.3.1/../../../arm-none-eabi/lib/thumb/v6-m/libstdc++.a(string-inst.o)
                0x10009134                std::__cxx11::basic_string<char, std::char_traits<char>, std::allocator<char> >::_M_mutate(unsigned int, unsigned int, char const*, unsigned int)
 .text._ZNSt7__cxx1112basic_stringIcSt11char_traitsIcESaIcEE8_M_eraseEjj
                0x100091f4       0x3c /usr/lib/gcc/arm-none-eabi/7.3.1/../../../arm-none-eabi/lib/thumb/v6-m/libstdc++.a(string-inst.o)
                0x100091f4                std::__cxx11::basic_string<char, std::char_traits<char>, std::allocator<char> >::_M_erase(unsigned int, unsigned int)
 .text._ZNSt7__cxx1112basic_stringIcSt11char_traitsIcESaIcEE7reserveEj
                0x10009230       0x98 /usr/lib/gcc/arm-none-eabi/7.3.1/../../../arm-none-eabi/lib/thumb/v6-m/libstdc++.a(string-inst.o)
                0x10009230                std::__cxx11::basic_string<char, std::char_traits<char>, std::allocator<char> >::reserve(unsigned int)
 .text._ZNSt7__cxx1112basic_stringIcSt11char_traitsIcESaIcEE10_M_replaceEjjPKcj
                0x100092c8      0x184 /usr/lib/gcc/arm-none-eabi/7.3.1/../../../arm-none-eabi/lib/thumb/v6-m/libstdc++.a(string-inst.o)
                0x100092c8                std::__cxx11::basic_string<char, std::char_traits<char>, std::allocator<char> >::_M_replace(unsigned int, unsigned int, char const*, unsigned int)
 .text._ZNSt7__cxx1112basic_stringIcSt11char_traitsIcESaIcEE9_M_appendEPKcj
                0x1000944c       0x54 /usr/lib/gcc/arm-none-eabi/7.3.1/../../../arm-none-eabi/lib/thumb/v6-m/libstdc++.a(string-inst.o)
                0x1000944c                std::__cxx11::basic_string<char, std::char_traits<char>, std::allocator<char> >::_M_append(char const*, unsigned int)
 .text._ZNKSt7__cxx1112basic_stringIcSt11char_traitsIcESaIcEE7compareEPKc
                0x100094a0       0x2c /usr/lib/gcc/arm-none-eabi/7.3.1/../../../arm-none-eabi/lib/thumb/v6-m/libstdc++.a(string-inst.o)
                0x100094a0                std::__cxx11::basic_string<char, std::char_traits<char>, std::allocator<char> >::compare(char const*) const
 .text._ZSt19__throw_logic_errorPKc
                0x100094cc       0x30 /usr/lib/gcc/arm-none-eabi/7.3.1/../../../arm-none-eabi/lib/thumb/v6-m/libstdc++.a(functexcept.o)
                0x100094cc                std::__throw_logic_error(char const*)
 .text._ZSt20__throw_length_errorPKc
                0x100094fc       0x30 /usr/lib/gcc/arm-none-eabi/7.3.1/../../../arm-none-eabi/lib/thumb/v6-m/libstdc++.a(functexcept.o)
                0x100094fc                std::__throw_length_error(char const*)
 .text._ZSt24__throw_out_of_range_fmtPKcz
                0x1000952c       0x68 /usr/lib/gcc/arm-none-eabi/7.3.1/../../../arm-none-eabi/lib/thumb/v6-m/libstdc++.a(functexcept.o)
                0x1000952c                std::__throw_out_of_range_fmt(char const*, ...)
 .text.__cxa_end_cleanup
                0x10009594        0xc /usr/lib/gcc/arm-none-eabi/7.3.1/../../../arm-none-eabi/lib/thumb/v6-m/libstdc++.a(eh_arm.o)
                0x10009594                __cxa_end_cleanup
 .text.__cxa_type_match
                0x100095a0       0xc0 /usr/lib/gcc/arm-none-eabi/7.3.1/../../../arm-none-eabi/lib/thumb/v6-m/libstdc++.a(eh_arm.o)
                0x100095a0                __cxa_type_match
 .text.__cxa_begin_cleanup
                0x10009660       0x60 /usr/lib/gcc/arm-none-eabi/7.3.1/../../../arm-none-eabi/lib/thumb/v6-m/libstdc++.a(eh_arm.o)
                0x10009660                __cxa_begin_cleanup
 .text.__gnu_end_cleanup
                0x100096c0       0x70 /usr/lib/gcc/arm-none-eabi/7.3.1/../../../arm-none-eabi/lib/thumb/v6-m/libstdc++.a(eh_arm.o)
                0x100096c0                __gnu_end_cleanup
 .text._ZL23__gxx_exception_cleanup19_Unwind_Reason_CodeP21_Unwind_Control_Block
                0x10009730       0x34 /usr/lib/gcc/arm-none-eabi/7.3.1/../../../arm-none-eabi/lib/thumb/v6-m/libstdc++.a(eh_throw.o)
 .text.__cxa_init_primary_exception
                0x10009764       0x4c /usr/lib/gcc/arm-none-eabi/7.3.1/../../../arm-none-eabi/lib/thumb/v6-m/libstdc++.a(eh_throw.o)
                0x10009764                __cxa_init_primary_exception
 .text.__cxa_throw
                0x100097b0       0x34 /usr/lib/gcc/arm-none-eabi/7.3.1/../../../arm-none-eabi/lib/thumb/v6-m/libstdc++.a(eh_throw.o)
                0x100097b0                __cxa_throw
 .text.__cxa_rethrow
                0x100097e4       0x70 /usr/lib/gcc/arm-none-eabi/7.3.1/../../../arm-none-eabi/lib/thumb/v6-m/libstdc++.a(eh_throw.o)
                0x100097e4                __cxa_rethrow
 .text._ZN10__cxxabiv111__terminateEPFvvE
                0x10009854       0x28 /usr/lib/gcc/arm-none-eabi/7.3.1/../../../arm-none-eabi/lib/thumb/v6-m/libstdc++.a(eh_terminate.o)
                0x10009854                __cxxabiv1::__terminate(void (*)())
 .text._ZSt9terminatev
                0x1000987c       0x10 /usr/lib/gcc/arm-none-eabi/7.3.1/../../../arm-none-eabi/lib/thumb/v6-m/libstdc++.a(eh_terminate.o)
                0x1000987c                std::terminate()
 .text._ZN10__cxxabiv112__unexpectedEPFvvE
                0x1000988c        0x8 /usr/lib/gcc/arm-none-eabi/7.3.1/../../../arm-none-eabi/lib/thumb/v6-m/libstdc++.a(eh_terminate.o)
                0x1000988c                __cxxabiv1::__unexpected(void (*)())
 .text._ZSt10unexpectedv
                0x10009894       0x10 /usr/lib/gcc/arm-none-eabi/7.3.1/../../../arm-none-eabi/lib/thumb/v6-m/libstdc++.a(eh_terminate.o)
                0x10009894                std::unexpected()
 .text._ZSt13get_terminatev
                0x100098a4        0xc /usr/lib/gcc/arm-none-eabi/7.3.1/../../../arm-none-eabi/lib/thumb/v6-m/libstdc++.a(eh_terminate.o)
                0x100098a4                std::get_terminate()
 .text._ZSt14get_unexpectedv
                0x100098b0        0xc /usr/lib/gcc/arm-none-eabi/7.3.1/../../../arm-none-eabi/lib/thumb/v6-m/libstdc++.a(eh_terminate.o)
                0x100098b0                std::get_unexpected()
 .text._ZN12_GLOBAL__N_14pool4freeEPv.constprop.4
                0x100098bc       0x84 /usr/lib/gcc/arm-none-eabi/7.3.1/../../../arm-none-eabi/lib/thumb/v6-m/libstdc++.a(eh_alloc.o)
 .text._ZN12_GLOBAL__N_14pool8allocateEj.constprop.5
                0x10009940       0x60 /usr/lib/gcc/arm-none-eabi/7.3.1/../../../arm-none-eabi/lib/thumb/v6-m/libstdc++.a(eh_alloc.o)
 .text.__cxa_allocate_exception
                0x100099a0       0x2c /usr/lib/gcc/arm-none-eabi/7.3.1/../../../arm-none-eabi/lib/thumb/v6-m/libstdc++.a(eh_alloc.o)
                0x100099a0                __cxa_allocate_exception
 .text.__cxa_free_exception
                0x100099cc       0x24 /usr/lib/gcc/arm-none-eabi/7.3.1/../../../arm-none-eabi/lib/thumb/v6-m/libstdc++.a(eh_alloc.o)
                0x100099cc                __cxa_free_exception
 .text.startup._GLOBAL__sub_I__ZN9__gnu_cxx9__freeresEv
                0x100099f0       0x2c /usr/lib/gcc/arm-none-eabi/7.3.1/../../../arm-none-eabi/lib/thumb/v6-m/libstdc++.a(eh_alloc.o)
 .text._ZL28read_encoded_value_with_basehjPKhPj
                0x10009a1c      0x108 /usr/lib/gcc/arm-none-eabi/7.3.1/../../../arm-none-eabi/lib/thumb/v6-m/libstdc++.a(eh_personality.o)
 .text._ZL21base_of_encoded_valuehP15_Unwind_Context.part.3
                0x10009b24       0x40 /usr/lib/gcc/arm-none-eabi/7.3.1/../../../arm-none-eabi/lib/thumb/v6-m/libstdc++.a(eh_personality.o)
 .text._ZL17parse_lsda_headerP15_Unwind_ContextPKhP16lsda_header_info
                0x10009b64       0x9c /usr/lib/gcc/arm-none-eabi/7.3.1/../../../arm-none-eabi/lib/thumb/v6-m/libstdc++.a(eh_personality.o)
 .text.__gxx_personality_v0
                0x10009c00      0x4c8 /usr/lib/gcc/arm-none-eabi/7.3.1/../../../arm-none-eabi/lib/thumb/v6-m/libstdc++.a(eh_personality.o)
                0x10009c00                __gxx_personality_v0
 .text.__cxa_begin_catch
                0x1000a0c8       0x78 /usr/lib/gcc/arm-none-eabi/7.3.1/../../../arm-none-eabi/lib/thumb/v6-m/libstdc++.a(eh_catch.o)
                0x1000a0c8                __cxa_begin_catch
 .text.__cxa_end_catch
                0x1000a140       0x8c /usr/lib/gcc/arm-none-eabi/7.3.1/../../../arm-none-eabi/lib/thumb/v6-m/libstdc++.a(eh_catch.o)
                0x1000a140                __cxa_end_catch
 .text._ZNSt9exceptionD2Ev
                0x1000a1cc        0x4 /usr/lib/gcc/arm-none-eabi/7.3.1/../../../arm-none-eabi/lib/thumb/v6-m/libstdc++.a(eh_exception.o)
                0x1000a1cc                std::exception::~exception()
                0x1000a1cc                std::exception::~exception()
 .text._ZNSt13bad_exceptionD2Ev
                0x1000a1d0        0x4 /usr/lib/gcc/arm-none-eabi/7.3.1/../../../arm-none-eabi/lib/thumb/v6-m/libstdc++.a(eh_exception.o)
                0x1000a1d0                std::bad_exception::~bad_exception()
                0x1000a1d0                std::bad_exception::~bad_exception()
 .text._ZNKSt13bad_exception4whatEv
                0x1000a1d4        0x8 /usr/lib/gcc/arm-none-eabi/7.3.1/../../../arm-none-eabi/lib/thumb/v6-m/libstdc++.a(eh_exception.o)
                0x1000a1d4                transaction clone for std::bad_exception::what() const
                0x1000a1d4                std::bad_exception::what() const
 .text._ZNSt13bad_exceptionD0Ev
                0x1000a1dc       0x10 /usr/lib/gcc/arm-none-eabi/7.3.1/../../../arm-none-eabi/lib/thumb/v6-m/libstdc++.a(eh_exception.o)
                0x1000a1dc                std::bad_exception::~bad_exception()
 .text._ZN10__cxxabiv120__si_class_type_infoD2Ev
                0x1000a1ec       0x18 /usr/lib/gcc/arm-none-eabi/7.3.1/../../../arm-none-eabi/lib/thumb/v6-m/libstdc++.a(si_class_type_info.o)
                0x1000a1ec                __cxxabiv1::__si_class_type_info::~__si_class_type_info()
                0x1000a1ec                __cxxabiv1::__si_class_type_info::~__si_class_type_info()
 .text._ZN10__cxxabiv120__si_class_type_infoD0Ev
                0x1000a204       0x20 /usr/lib/gcc/arm-none-eabi/7.3.1/../../../arm-none-eabi/lib/thumb/v6-m/libstdc++.a(si_class_type_info.o)
                0x1000a204                __cxxabiv1::__si_class_type_info::~__si_class_type_info()
 .text._ZNK10__cxxabiv120__si_class_type_info20__do_find_public_srcEiPKvPKNS_17__class_type_infoES2_
                0x1000a224       0x38 /usr/lib/gcc/arm-none-eabi/7.3.1/../../../arm-none-eabi/lib/thumb/v6-m/libstdc++.a(si_class_type_info.o)
                0x1000a224                __cxxabiv1::__si_class_type_info::__do_find_public_src(int, void const*, __cxxabiv1::__class_type_info const*, void const*) const
 .text._ZNK10__cxxabiv120__si_class_type_info12__do_dyncastEiNS_17__class_type_info10__sub_kindEPKS1_PKvS4_S6_RNS1_16__dyncast_resultE
                0x1000a25c       0x94 /usr/lib/gcc/arm-none-eabi/7.3.1/../../../arm-none-eabi/lib/thumb/v6-m/libstdc++.a(si_class_type_info.o)
                0x1000a25c                __cxxabiv1::__si_class_type_info::__do_dyncast(int, __cxxabiv1::__class_type_info::__sub_kind, __cxxabiv1::__class_type_info const*, void const*, __cxxabiv1::__class_type_info const*, void const*, __cxxabiv1::__class_type_info::__dyncast_result&) const
 .text._ZNK10__cxxabiv120__si_class_type_info11__do_upcastEPKNS_17__class_type_infoEPKvRNS1_15__upcast_resultE
                0x1000a2f0       0x24 /usr/lib/gcc/arm-none-eabi/7.3.1/../../../arm-none-eabi/lib/thumb/v6-m/libstdc++.a(si_class_type_info.o)
                0x1000a2f0                __cxxabiv1::__si_class_type_info::__do_upcast(__cxxabiv1::__class_type_info const*, void const*, __cxxabiv1::__class_type_info::__upcast_result&) const
 .text._ZN10__cxxabiv1L24__is_gxx_exception_classEPc
                0x1000a314       0x3c /usr/lib/gcc/arm-none-eabi/7.3.1/../../../arm-none-eabi/lib/thumb/v6-m/libstdc++.a(eh_call.o)
 .text.__cxa_call_terminate
                0x1000a350       0x20 /usr/lib/gcc/arm-none-eabi/7.3.1/../../../arm-none-eabi/lib/thumb/v6-m/libstdc++.a(eh_call.o)
                0x1000a350                __cxa_call_terminate
 .text.__cxa_call_unexpected
                0x1000a370       0xf4 /usr/lib/gcc/arm-none-eabi/7.3.1/../../../arm-none-eabi/lib/thumb/v6-m/libstdc++.a(eh_call.o)
                0x1000a370                __cxa_call_unexpected
 .text._ZNKSt11logic_error4whatEv
                0x1000a464        0x4 /usr/lib/gcc/arm-none-eabi/7.3.1/../../../arm-none-eabi/lib/thumb/v6-m/libstdc++.a(stdexcept.o)
                0x1000a464                std::logic_error::what() const
 .text._ZNSt11logic_errorD2Ev
                0x1000a468       0x40 /usr/lib/gcc/arm-none-eabi/7.3.1/../../../arm-none-eabi/lib/thumb/v6-m/libstdc++.a(stdexcept.o)
                0x1000a468                std::logic_error::~logic_error()
                0x1000a468                std::logic_error::~logic_error()
 .text._ZNSt11logic_errorD0Ev
                0x1000a4a8       0x14 /usr/lib/gcc/arm-none-eabi/7.3.1/../../../arm-none-eabi/lib/thumb/v6-m/libstdc++.a(stdexcept.o)
                0x1000a4a8                std::logic_error::~logic_error()
 .text._ZNSt12length_errorD2Ev
                0x1000a4bc       0x18 /usr/lib/gcc/arm-none-eabi/7.3.1/../../../arm-none-eabi/lib/thumb/v6-m/libstdc++.a(stdexcept.o)
                0x1000a4bc                std::length_error::~length_error()
                0x1000a4bc                std::length_error::~length_error()
 .text._ZNSt12length_errorD0Ev
                0x1000a4d4       0x1c /usr/lib/gcc/arm-none-eabi/7.3.1/../../../arm-none-eabi/lib/thumb/v6-m/libstdc++.a(stdexcept.o)
                0x1000a4d4                std::length_error::~length_error()
 .text._ZNSt12out_of_rangeD2Ev
                0x1000a4f0       0x18 /usr/lib/gcc/arm-none-eabi/7.3.1/../../../arm-none-eabi/lib/thumb/v6-m/libstdc++.a(stdexcept.o)
                0x1000a4f0                std::out_of_range::~out_of_range()
                0x1000a4f0                std::out_of_range::~out_of_range()
 .text._ZNSt12out_of_rangeD0Ev
                0x1000a508       0x1c /usr/lib/gcc/arm-none-eabi/7.3.1/../../../arm-none-eabi/lib/thumb/v6-m/libstdc++.a(stdexcept.o)
                0x1000a508                std::out_of_range::~out_of_range()
 .text._ZNSt11logic_errorC2EPKc
                0x1000a524       0x24 /usr/lib/gcc/arm-none-eabi/7.3.1/../../../arm-none-eabi/lib/thumb/v6-m/libstdc++.a(cow-stdexcept.o)
                0x1000a524                std::logic_error::logic_error(char const*)
                0x1000a524                std::logic_error::logic_error(char const*)
 .text._ZNSt12length_errorC2EPKc
                0x1000a548       0x14 /usr/lib/gcc/arm-none-eabi/7.3.1/../../../arm-none-eabi/lib/thumb/v6-m/libstdc++.a(cow-stdexcept.o)
                0x1000a548                std::length_error::length_error(char const*)
                0x1000a548                std::length_error::length_error(char const*)
 .text._ZNSt12out_of_rangeC2EPKc
                0x1000a55c       0x14 /usr/lib/gcc/arm-none-eabi/7.3.1/../../../arm-none-eabi/lib/thumb/v6-m/libstdc++.a(cow-stdexcept.o)
                0x1000a55c                std::out_of_range::out_of_range(char const*)
                0x1000a55c                std::out_of_range::out_of_range(char const*)
 .text._ZNSs4_Rep9_S_createEjjRKSaIcE
                0x1000a570       0x64 /usr/lib/gcc/arm-none-eabi/7.3.1/../../../arm-none-eabi/lib/thumb/v6-m/libstdc++.a(cow-string-inst.o)
                0x1000a570                std::string::_Rep::_S_create(unsigned int, unsigned int, std::allocator<char> const&)
 .text._ZNSs4_Rep10_M_destroyERKSaIcE
                0x1000a5d4        0x8 /usr/lib/gcc/arm-none-eabi/7.3.1/../../../arm-none-eabi/lib/thumb/v6-m/libstdc++.a(cow-string-inst.o)
                0x1000a5d4                std::string::_Rep::_M_destroy(std::allocator<char> const&)
 .text._ZNSs12_S_constructIPKcEEPcT_S3_RKSaIcESt20forward_iterator_tag
                0x1000a5dc       0x64 /usr/lib/gcc/arm-none-eabi/7.3.1/../../../arm-none-eabi/lib/thumb/v6-m/libstdc++.a(cow-string-inst.o)
                0x1000a5dc                char* std::string::_S_construct<char const*>(char const*, char const*, std::allocator<char> const&, std::forward_iterator_tag)
 .text._ZNSsC2EPKcRKSaIcE
                0x1000a640       0x2c /usr/lib/gcc/arm-none-eabi/7.3.1/../../../arm-none-eabi/lib/thumb/v6-m/libstdc++.a(cow-string-inst.o)
                0x1000a640                std::basic_string<char, std::char_traits<char>, std::allocator<char> >::basic_string(char const*, std::allocator<char> const&)
                0x1000a640                std::basic_string<char, std::char_traits<char>, std::allocator<char> >::basic_string(char const*, std::allocator<char> const&)
 .text._ZN9__gnu_cxx26__throw_insufficient_spaceEPKcS1_
                0x1000a66c       0x54 /usr/lib/gcc/arm-none-eabi/7.3.1/../../../arm-none-eabi/lib/thumb/v6-m/libstdc++.a(snprintf_lite.o)
                0x1000a66c                __gnu_cxx::__throw_insufficient_space(char const*, char const*)
 .text._ZN9__gnu_cxx15__concat_size_tEPcjj
                0x1000a6c0       0x6c /usr/lib/gcc/arm-none-eabi/7.3.1/../../../arm-none-eabi/lib/thumb/v6-m/libstdc++.a(snprintf_lite.o)
                0x1000a6c0                __gnu_cxx::__concat_size_t(char*, unsigned int, unsigned int)
 .text._ZN9__gnu_cxx15__snprintf_liteEPcjPKcSt9__va_list
                0x1000a72c       0x9c /usr/lib/gcc/arm-none-eabi/7.3.1/../../../arm-none-eabi/lib/thumb/v6-m/libstdc++.a(snprintf_lite.o)
                0x1000a72c                __gnu_cxx::__snprintf_lite(char*, unsigned int, char const*, std::__va_list)
 .text.__cxa_get_globals_fast
                0x1000a7c8        0x8 /usr/lib/gcc/arm-none-eabi/7.3.1/../../../arm-none-eabi/lib/thumb/v6-m/libstdc++.a(eh_globals.o)
                0x1000a7c8                __cxa_get_globals_fast
 .text.__cxa_get_globals
                0x1000a7d0        0x8 /usr/lib/gcc/arm-none-eabi/7.3.1/../../../arm-none-eabi/lib/thumb/v6-m/libstdc++.a(eh_globals.o)
                0x1000a7d0                __cxa_get_globals
 .text._ZNSt9type_infoD2Ev
                0x1000a7d8        0x4 /usr/lib/gcc/arm-none-eabi/7.3.1/../../../arm-none-eabi/lib/thumb/v6-m/libstdc++.a(tinfo.o)
                0x1000a7d8                std::type_info::~type_info()
                0x1000a7d8                std::type_info::~type_info()
 .text._ZNKSt9type_info14__is_pointer_pEv
                0x1000a7dc        0x4 /usr/lib/gcc/arm-none-eabi/7.3.1/../../../arm-none-eabi/lib/thumb/v6-m/libstdc++.a(tinfo.o)
                0x1000a7dc                std::type_info::__is_function_p() const
                0x1000a7dc                std::type_info::__is_pointer_p() const
 .text._ZNKSt9type_infoeqERKS_
                0x1000a7e0       0x30 /usr/lib/gcc/arm-none-eabi/7.3.1/../../../arm-none-eabi/lib/thumb/v6-m/libstdc++.a(tinfo.o)
                0x1000a7e0                std::type_info::operator==(std::type_info const&) const
 .text._ZNK10__cxxabiv117__class_type_info11__do_upcastEPKS0_PPv
                0x1000a810       0x38 /usr/lib/gcc/arm-none-eabi/7.3.1/../../../arm-none-eabi/lib/thumb/v6-m/libstdc++.a(class_type_info.o)
                0x1000a810                __cxxabiv1::__class_type_info::__do_upcast(__cxxabiv1::__class_type_info const*, void**) const
 .text._ZNK10__cxxabiv117__class_type_info20__do_find_public_srcEiPKvPKS0_S2_
                0x1000a848       0x14 /usr/lib/gcc/arm-none-eabi/7.3.1/../../../arm-none-eabi/lib/thumb/v6-m/libstdc++.a(class_type_info.o)
                0x1000a848                __cxxabiv1::__class_type_info::__do_find_public_src(int, void const*, __cxxabiv1::__class_type_info const*, void const*) const
 .text._ZN10__cxxabiv117__class_type_infoD2Ev
                0x1000a85c       0x18 /usr/lib/gcc/arm-none-eabi/7.3.1/../../../arm-none-eabi/lib/thumb/v6-m/libstdc++.a(class_type_info.o)
                0x1000a85c                __cxxabiv1::__class_type_info::~__class_type_info()
                0x1000a85c                __cxxabiv1::__class_type_info::~__class_type_info()
 .text._ZN10__cxxabiv117__class_type_infoD0Ev
                0x1000a874       0x20 /usr/lib/gcc/arm-none-eabi/7.3.1/../../../arm-none-eabi/lib/thumb/v6-m/libstdc++.a(class_type_info.o)
                0x1000a874                __cxxabiv1::__class_type_info::~__class_type_info()
 .text._ZNK10__cxxabiv117__class_type_info12__do_dyncastEiNS0_10__sub_kindEPKS0_PKvS3_S5_RNS0_16__dyncast_resultE
                0x1000a894       0x40 /usr/lib/gcc/arm-none-eabi/7.3.1/../../../arm-none-eabi/lib/thumb/v6-m/libstdc++.a(class_type_info.o)
                0x1000a894                __cxxabiv1::__class_type_info::__do_dyncast(int, __cxxabiv1::__class_type_info::__sub_kind, __cxxabiv1::__class_type_info const*, void const*, __cxxabiv1::__class_type_info const*, void const*, __cxxabiv1::__class_type_info::__dyncast_result&) const
 .text._ZNK10__cxxabiv117__class_type_info11__do_upcastEPKS0_PKvRNS0_15__upcast_resultE
                0x1000a8d4       0x1c /usr/lib/gcc/arm-none-eabi/7.3.1/../../../arm-none-eabi/lib/thumb/v6-m/libstdc++.a(class_type_info.o)
                0x1000a8d4                __cxxabiv1::__class_type_info::__do_upcast(__cxxabiv1::__class_type_info const*, void const*, __cxxabiv1::__class_type_info::__upcast_result&) const
 .text._ZNK10__cxxabiv117__class_type_info10__do_catchEPKSt9type_infoPPvj
                0x1000a8f0       0x28 /usr/lib/gcc/arm-none-eabi/7.3.1/../../../arm-none-eabi/lib/thumb/v6-m/libstdc++.a(class_type_info.o)
                0x1000a8f0                __cxxabiv1::__class_type_info::__do_catch(std::type_info const*, void**, unsigned int) const
 .text          0x1000a918       0x10 /usr/lib/gcc/arm-none-eabi/7.3.1/../../../arm-none-eabi/lib/thumb/v6-m/libc.a(lib_a-abort.o)
                0x1000a918                abort
 .text          0x1000a928       0x28 /usr/lib/gcc/arm-none-eabi/7.3.1/../../../arm-none-eabi/lib/thumb/v6-m/libc.a(lib_a-malloc.o)
                0x1000a928                malloc
                0x1000a93c                free
 .text          0x1000a950      0x570 /usr/lib/gcc/arm-none-eabi/7.3.1/../../../arm-none-eabi/lib/thumb/v6-m/libc.a(lib_a-mallocr.o)
                0x1000a950                _malloc_r
 .text          0x1000aec0        0x8 /usr/lib/gcc/arm-none-eabi/7.3.1/../../../arm-none-eabi/lib/thumb/v6-m/libc.a(lib_a-mlock.o)
                0x1000aec0                __malloc_lock
                0x1000aec4                __malloc_unlock
 .text          0x1000aec8       0x24 /usr/lib/gcc/arm-none-eabi/7.3.1/../../../arm-none-eabi/lib/thumb/v6-m/libc.a(lib_a-sbrkr.o)
                0x1000aec8                _sbrk_r
 .text          0x1000aeec      0x190 /usr/lib/gcc/arm-none-eabi/7.3.1/../../../arm-none-eabi/lib/thumb/v6-m/libc.a(lib_a-signal.o)
                0x1000af18                _init_signal_r
                0x1000af34                _signal_r
                0x1000af70                _raise_r
                0x1000afcc                __sigtramp_r
                0x1000b01c                raise
                0x1000b030                signal
                0x1000b048                _init_signal
                0x1000b068                __sigtramp
 .text          0x1000b07c       0x30 /usr/lib/gcc/arm-none-eabi/7.3.1/../../../arm-none-eabi/lib/thumb/v6-m/libc.a(lib_a-signalr.o)
                0x1000b07c                _kill_r
                0x1000b0a4                _getpid_r
 .text          0x1000b0ac       0x88 /usr/lib/gcc/arm-none-eabi/7.3.1/../../../arm-none-eabi/lib/thumb/v6-m/libc.a(lib_a-strcmp.o)
                0x1000b0ac                strcmp
 .text          0x1000b134       0x64 /usr/lib/gcc/arm-none-eabi/7.3.1/../../../arm-none-eabi/lib/thumb/v6-m/libc.a(lib_a-strlen-stub.o)
                0x1000b134                strlen
 .text          0x1000b198      0x274 /usr/lib/gcc/arm-none-eabi/7.3.1/../../../arm-none-eabi/lib/thumb/v6-m/libc.a(lib_a-freer.o)
                0x1000b198                _malloc_trim_r
                0x1000b238                _free_r
 .text          0x1000b40c       0x10 /usr/lib/gcc/arm-none-eabi/7.3.1/../../../arm-none-eabi/lib/thumb/v6-m/libnosys.a(getpid.o)
                0x1000b40c                _getpid
 .text          0x1000b41c       0x10 /usr/lib/gcc/arm-none-eabi/7.3.1/../../../arm-none-eabi/lib/thumb/v6-m/libnosys.a(kill.o)
                0x1000b41c                _kill
 *(.fini)
 .fini          0x1000b42c        0x4 /usr/lib/gcc/arm-none-eabi/7.3.1/thumb/v6-m/crti.o
                0x1000b42c                _fini
 .fini.__stub   0x1000b430      0x150 linker stubs
 *crtbegin.o(.ctors)
 *crtbegin?.o(.ctors)
 *(EXCLUDE_FILE(*crtend.o *crtend?.o) .ctors)
 *(SORT_BY_NAME(.ctors.*))
 *(.ctors)
 *crtbegin.o(.dtors)
 *crtbegin?.o(.dtors)
 *(EXCLUDE_FILE(*crtend.o *crtend?.o) .dtors)
 *(SORT_BY_NAME(.dtors.*))
 *(.dtors)
 *(.eh_frame*)
 .eh_frame      0x1000b580        0x0 /usr/lib/gcc/arm-none-eabi/7.3.1/thumb/v6-m/crtbegin.o
                0x1000b580                . = ALIGN (0x4)

.glue_7         0x1000b580        0x0
 .glue_7        0x1000b580        0x0 linker stubs

.glue_7t        0x1000b580        0x0
 .glue_7t       0x1000b580        0x0 linker stubs

.vfp11_veneer   0x1000b580        0x0
 .vfp11_veneer  0x1000b580        0x0 linker stubs

.v4_bx          0x1000b580        0x0
 .v4_bx         0x1000b580        0x0 linker stubs

.iplt           0x1000b580        0x0
 .iplt          0x1000b580        0x0 /usr/lib/gcc/arm-none-eabi/7.3.1/thumb/v6-m/crtbegin.o

.rodata         0x1000b580      0xbe4
 *(EXCLUDE_FILE(*libm.a: *libc.a:*lib_a-mem*.o *libgcc.a:) .rodata*)
 .rodata._Z11core1_entryv.str1.4
                0x1000b580       0x15 CMakeFiles/main.dir/siggen.cpp.obj
 *fill*         0x1000b595        0x3 
 .rodata._Z23freq_change_irq_handlerjm.str1.4
                0x1000b598       0xb9 CMakeFiles/main.dir/siggen.cpp.obj
 *fill*         0x1000b651        0x3 
 .rodata.main.str1.4
                0x1000b654       0x8f CMakeFiles/main.dir/siggen.cpp.obj
 *fill*         0x1000b6e3        0x1 
 .rodata._ZL8font_8x5
                0x1000b6e4      0x1dd CMakeFiles/main.dir/__/GFX.cpp.obj
 *fill*         0x1000b8c1        0x3 
 .rodata.spin_lock_claim_unused.str1.4
                0x1000b8c4       0x1b CMakeFiles/main.dir/home/pi/pico/pico-sdk/src/rp2_common/hardware_sync/sync.c.obj
 *fill*         0x1000b8df        0x1 
 .rodata.hardware_alarm_claim.str1.4
                0x1000b8e0       0x22 CMakeFiles/main.dir/home/pi/pico/pico-sdk/src/rp2_common/hardware_timer/timer.c.obj
 *fill*         0x1000b902        0x2 
 .rodata.hard_assertion_failure.str1.4
                0x1000b904        0xc CMakeFiles/main.dir/home/pi/pico/pico-sdk/src/rp2_common/pico_runtime/runtime.c.obj
 .rodata.panic.str1.4
                0x1000b910       0x12 CMakeFiles/main.dir/home/pi/pico/pico-sdk/src/rp2_common/pico_runtime/runtime.c.obj
 *fill*         0x1000b922        0x2 
 .rodata._vsnprintf
                0x1000b924      0x1e0 CMakeFiles/main.dir/home/pi/pico/pico-sdk/src/rp2_common/pico_printf/printf.c.obj
 .rodata._etoa.part.0.str1.4
                0x1000bb04        0x9 CMakeFiles/main.dir/home/pi/pico/pico-sdk/src/rp2_common/pico_printf/printf.c.obj
 *fill*         0x1000bb0d        0x3 
 .rodata._ftoa.str1.4
                0x1000bb10        0xc CMakeFiles/main.dir/home/pi/pico/pico-sdk/src/rp2_common/pico_printf/printf.c.obj
 *fill*         0x1000bb1c        0x4 
 .rodata.pow10.5382
                0x1000bb20       0x50 CMakeFiles/main.dir/home/pi/pico/pico-sdk/src/rp2_common/pico_printf/printf.c.obj
 .rodata.__wrap_malloc.str1.4
                0x1000bb70        0xe CMakeFiles/main.dir/home/pi/pico/pico-sdk/src/rp2_common/pico_malloc/pico_malloc.c.obj
 *fill*         0x1000bb7e        0x2 
 .rodata.__bi_44
                0x1000bb80        0xc CMakeFiles/main.dir/home/pi/pico/pico-sdk/src/rp2_common/pico_standard_link/binary_info.c.obj
 .rodata.__bi_75
                0x1000bb8c        0xc CMakeFiles/main.dir/home/pi/pico/pico-sdk/src/rp2_common/pico_standard_link/binary_info.c.obj
 .rodata.__bi_81
                0x1000bb98        0xc CMakeFiles/main.dir/home/pi/pico/pico-sdk/src/rp2_common/pico_standard_link/binary_info.c.obj
 .rodata.str1.4
                0x1000bba4       0x3c CMakeFiles/main.dir/home/pi/pico/pico-sdk/src/rp2_common/pico_standard_link/binary_info.c.obj
 .rodata.crlf_str.5813
                0x1000bbe0        0x2 CMakeFiles/main.dir/home/pi/pico/pico-sdk/src/rp2_common/pico_stdio/stdio.c.obj
 *fill*         0x1000bbe2        0x2 
 .rodata._resetd_driver
                0x1000bbe4       0x18 CMakeFiles/main.dir/home/pi/pico/pico-sdk/src/rp2_common/pico_stdio_usb/reset_interface.c.obj
 .rodata.__bi_93.7070
                0x1000bbfc        0xc CMakeFiles/main.dir/home/pi/pico/pico-sdk/src/rp2_common/pico_stdio_usb/stdio_usb.c.obj
 .rodata.str1.4
                0x1000bc08       0x13 CMakeFiles/main.dir/home/pi/pico/pico-sdk/src/rp2_common/pico_stdio_usb/stdio_usb.c.obj
 *fill*         0x1000bc1b        0x1 
 .rodata.str1.4
                0x1000bc1c       0x2a CMakeFiles/main.dir/home/pi/pico/pico-sdk/src/rp2_common/pico_stdio_usb/stdio_usb_descriptors.c.obj
 *fill*         0x1000bc46        0x2 
 .rodata.usbd_desc_cfg
                0x1000bc48       0x54 CMakeFiles/main.dir/home/pi/pico/pico-sdk/src/rp2_common/pico_stdio_usb/stdio_usb_descriptors.c.obj
 .rodata.usbd_desc_device
                0x1000bc9c       0x12 CMakeFiles/main.dir/home/pi/pico/pico-sdk/src/rp2_common/pico_stdio_usb/stdio_usb_descriptors.c.obj
 *fill*         0x1000bcae        0x2 
 .rodata.usbd_desc_str
                0x1000bcb0       0x18 CMakeFiles/main.dir/home/pi/pico/pico-sdk/src/rp2_common/pico_stdio_usb/stdio_usb_descriptors.c.obj
 .rodata.dcd_edpt_open.str1.4
                0x1000bcc8       0x28 CMakeFiles/main.dir/home/pi/pico/pico-sdk/lib/tinyusb/src/portable/raspberrypi/rp2040/dcd_rp2040.c.obj
 .rodata.dcd_rp2040_irq.str1.4
                0x1000bcf0       0x14 CMakeFiles/main.dir/home/pi/pico/pico-sdk/lib/tinyusb/src/portable/raspberrypi/rp2040/dcd_rp2040.c.obj
 .rodata._hw_endpoint_buffer_control_update32.str1.4
                0x1000bd04       0x1f CMakeFiles/main.dir/home/pi/pico/pico-sdk/lib/tinyusb/src/portable/raspberrypi/rp2040/rp2040_usb.c.obj
 *fill*         0x1000bd23        0x1 
 .rodata._hw_endpoint_xfer_continue.str1.4
                0x1000bd24       0x50 CMakeFiles/main.dir/home/pi/pico/pico-sdk/lib/tinyusb/src/portable/raspberrypi/rp2040/rp2040_usb.c.obj
 .rodata.str1.4
                0x1000bd74        0x7 CMakeFiles/main.dir/home/pi/pico/pico-sdk/lib/tinyusb/src/portable/raspberrypi/rp2040/rp2040_usb.c.obj
 *fill*         0x1000bd7b        0x1 
 .rodata.tud_task
                0x1000bd7c       0x8c CMakeFiles/main.dir/home/pi/pico/pico-sdk/lib/tinyusb/src/device/usbd.c.obj
 .rodata._usbd_driver
                0x1000be08       0x18 CMakeFiles/main.dir/home/pi/pico/pico-sdk/lib/tinyusb/src/device/usbd.c.obj
 .rodata._ZNSt7__cxx1112basic_stringIcSt11char_traitsIcESaIcEE10_M_replaceEjjPKcj.str1.4
                0x1000be20       0x19 /usr/lib/gcc/arm-none-eabi/7.3.1/../../../arm-none-eabi/lib/thumb/v6-m/libstdc++.a(string-inst.o)
 *fill*         0x1000be39        0x3 
 .rodata._ZNSt7__cxx1112basic_stringIcSt11char_traitsIcESaIcEE9_M_createERjj.str1.4
                0x1000be3c       0x18 /usr/lib/gcc/arm-none-eabi/7.3.1/../../../arm-none-eabi/lib/thumb/v6-m/libstdc++.a(string-inst.o)
 .rodata._ZL28read_encoded_value_with_basehjPKhPj
                0x1000be54       0x34 /usr/lib/gcc/arm-none-eabi/7.3.1/../../../arm-none-eabi/lib/thumb/v6-m/libstdc++.a(eh_personality.o)
 .rodata._ZNKSt13bad_exception4whatEv.str1.4
                0x1000be88       0x13 /usr/lib/gcc/arm-none-eabi/7.3.1/../../../arm-none-eabi/lib/thumb/v6-m/libstdc++.a(eh_exception.o)
 *fill*         0x1000be9b        0x1 
 .rodata._ZTIN10__cxxabiv115__forced_unwindE
                0x1000be9c        0x8 /usr/lib/gcc/arm-none-eabi/7.3.1/../../../arm-none-eabi/lib/thumb/v6-m/libstdc++.a(eh_exception.o)
                0x1000be9c                typeinfo for __cxxabiv1::__forced_unwind
 .rodata._ZTIN10__cxxabiv119__foreign_exceptionE
                0x1000bea4        0x8 /usr/lib/gcc/arm-none-eabi/7.3.1/../../../arm-none-eabi/lib/thumb/v6-m/libstdc++.a(eh_exception.o)
                0x1000bea4                typeinfo for __cxxabiv1::__foreign_exception
 .rodata._ZTISt13bad_exception
                0x1000beac        0xc /usr/lib/gcc/arm-none-eabi/7.3.1/../../../arm-none-eabi/lib/thumb/v6-m/libstdc++.a(eh_exception.o)
                0x1000beac                typeinfo for std::bad_exception
 .rodata._ZTISt9exception
                0x1000beb8        0x8 /usr/lib/gcc/arm-none-eabi/7.3.1/../../../arm-none-eabi/lib/thumb/v6-m/libstdc++.a(eh_exception.o)
                0x1000beb8                typeinfo for std::exception
 .rodata._ZTSN10__cxxabiv115__forced_unwindE
                0x1000bec0       0x20 /usr/lib/gcc/arm-none-eabi/7.3.1/../../../arm-none-eabi/lib/thumb/v6-m/libstdc++.a(eh_exception.o)
                0x1000bec0                typeinfo name for __cxxabiv1::__forced_unwind
 .rodata._ZTSN10__cxxabiv119__foreign_exceptionE
                0x1000bee0       0x24 /usr/lib/gcc/arm-none-eabi/7.3.1/../../../arm-none-eabi/lib/thumb/v6-m/libstdc++.a(eh_exception.o)
                0x1000bee0                typeinfo name for __cxxabiv1::__foreign_exception
 .rodata._ZTSSt13bad_exception
                0x1000bf04       0x12 /usr/lib/gcc/arm-none-eabi/7.3.1/../../../arm-none-eabi/lib/thumb/v6-m/libstdc++.a(eh_exception.o)
                0x1000bf04                typeinfo name for std::bad_exception
 *fill*         0x1000bf16        0x2 
 .rodata._ZTSSt9exception
                0x1000bf18        0xd /usr/lib/gcc/arm-none-eabi/7.3.1/../../../arm-none-eabi/lib/thumb/v6-m/libstdc++.a(eh_exception.o)
                0x1000bf18                typeinfo name for std::exception
 *fill*         0x1000bf25        0x3 
 .rodata._ZTVSt13bad_exception
                0x1000bf28       0x14 /usr/lib/gcc/arm-none-eabi/7.3.1/../../../arm-none-eabi/lib/thumb/v6-m/libstdc++.a(eh_exception.o)
                0x1000bf28                vtable for std::bad_exception
 .rodata._ZTIN10__cxxabiv120__si_class_type_infoE
                0x1000bf3c        0xc /usr/lib/gcc/arm-none-eabi/7.3.1/../../../arm-none-eabi/lib/thumb/v6-m/libstdc++.a(si_class_type_info.o)
                0x1000bf3c                typeinfo for __cxxabiv1::__si_class_type_info
 .rodata._ZTSN10__cxxabiv120__si_class_type_infoE
                0x1000bf48       0x25 /usr/lib/gcc/arm-none-eabi/7.3.1/../../../arm-none-eabi/lib/thumb/v6-m/libstdc++.a(si_class_type_info.o)
                0x1000bf48                typeinfo name for __cxxabiv1::__si_class_type_info
 *fill*         0x1000bf6d        0x3 
 .rodata._ZTVN10__cxxabiv120__si_class_type_infoE
                0x1000bf70       0x2c /usr/lib/gcc/arm-none-eabi/7.3.1/../../../arm-none-eabi/lib/thumb/v6-m/libstdc++.a(si_class_type_info.o)
                0x1000bf70                vtable for __cxxabiv1::__si_class_type_info
 .rodata._ZTISt11logic_error
                0x1000bf9c        0xc /usr/lib/gcc/arm-none-eabi/7.3.1/../../../arm-none-eabi/lib/thumb/v6-m/libstdc++.a(stdexcept.o)
                0x1000bf9c                typeinfo for std::logic_error
 .rodata._ZTISt12length_error
                0x1000bfa8        0xc /usr/lib/gcc/arm-none-eabi/7.3.1/../../../arm-none-eabi/lib/thumb/v6-m/libstdc++.a(stdexcept.o)
                0x1000bfa8                typeinfo for std::length_error
 .rodata._ZTISt12out_of_range
                0x1000bfb4        0xc /usr/lib/gcc/arm-none-eabi/7.3.1/../../../arm-none-eabi/lib/thumb/v6-m/libstdc++.a(stdexcept.o)
                0x1000bfb4                typeinfo for std::out_of_range
 .rodata._ZTSSt11logic_error
                0x1000bfc0       0x10 /usr/lib/gcc/arm-none-eabi/7.3.1/../../../arm-none-eabi/lib/thumb/v6-m/libstdc++.a(stdexcept.o)
                0x1000bfc0                typeinfo name for std::logic_error
 .rodata._ZTSSt12length_error
                0x1000bfd0       0x11 /usr/lib/gcc/arm-none-eabi/7.3.1/../../../arm-none-eabi/lib/thumb/v6-m/libstdc++.a(stdexcept.o)
                0x1000bfd0                typeinfo name for std::length_error
 *fill*         0x1000bfe1        0x3 
 .rodata._ZTSSt12out_of_range
                0x1000bfe4       0x11 /usr/lib/gcc/arm-none-eabi/7.3.1/../../../arm-none-eabi/lib/thumb/v6-m/libstdc++.a(stdexcept.o)
                0x1000bfe4                typeinfo name for std::out_of_range
 *fill*         0x1000bff5        0x3 
 .rodata._ZTVSt11logic_error
                0x1000bff8       0x14 /usr/lib/gcc/arm-none-eabi/7.3.1/../../../arm-none-eabi/lib/thumb/v6-m/libstdc++.a(stdexcept.o)
                0x1000bff8                vtable for std::logic_error
 .rodata._ZTVSt12length_error
                0x1000c00c       0x14 /usr/lib/gcc/arm-none-eabi/7.3.1/../../../arm-none-eabi/lib/thumb/v6-m/libstdc++.a(stdexcept.o)
                0x1000c00c                vtable for std::length_error
 .rodata._ZTVSt12out_of_range
                0x1000c020       0x14 /usr/lib/gcc/arm-none-eabi/7.3.1/../../../arm-none-eabi/lib/thumb/v6-m/libstdc++.a(stdexcept.o)
                0x1000c020                vtable for std::out_of_range
 .rodata._ZNSs12_S_constructIPcEES0_T_S1_RKSaIcESt20forward_iterator_tag.str1.4
                0x1000c034       0x2a /usr/lib/gcc/arm-none-eabi/7.3.1/../../../arm-none-eabi/lib/thumb/v6-m/libstdc++.a(cow-string-inst.o)
 *fill*         0x1000c05e        0x2 
 .rodata._ZNSs4_Rep9_S_createEjjRKSaIcE.str1.4
                0x1000c060       0x18 /usr/lib/gcc/arm-none-eabi/7.3.1/../../../arm-none-eabi/lib/thumb/v6-m/libstdc++.a(cow-string-inst.o)
 .rodata._ZN9__gnu_cxx15__concat_size_tEPcjj.str1.4
                0x1000c078        0xb /usr/lib/gcc/arm-none-eabi/7.3.1/../../../arm-none-eabi/lib/thumb/v6-m/libstdc++.a(snprintf_lite.o)
 *fill*         0x1000c083        0x1 
 .rodata._ZN9__gnu_cxx26__throw_insufficient_spaceEPKcS1_.str1.4
                0x1000c084       0x6c /usr/lib/gcc/arm-none-eabi/7.3.1/../../../arm-none-eabi/lib/thumb/v6-m/libstdc++.a(snprintf_lite.o)
                                 0x69 (size before relaxing)
 .rodata._ZTISt9type_info
                0x1000c0f0        0x8 /usr/lib/gcc/arm-none-eabi/7.3.1/../../../arm-none-eabi/lib/thumb/v6-m/libstdc++.a(tinfo.o)
                0x1000c0f0                typeinfo for std::type_info
 .rodata._ZTSSt9type_info
                0x1000c0f8        0xd /usr/lib/gcc/arm-none-eabi/7.3.1/../../../arm-none-eabi/lib/thumb/v6-m/libstdc++.a(tinfo.o)
                0x1000c0f8                typeinfo name for std::type_info
 *fill*         0x1000c105        0x3 
 .rodata._ZTIN10__cxxabiv117__class_type_infoE
                0x1000c108        0xc /usr/lib/gcc/arm-none-eabi/7.3.1/../../../arm-none-eabi/lib/thumb/v6-m/libstdc++.a(class_type_info.o)
                0x1000c108                typeinfo for __cxxabiv1::__class_type_info
 .rodata._ZTSN10__cxxabiv117__class_type_infoE
                0x1000c114       0x22 /usr/lib/gcc/arm-none-eabi/7.3.1/../../../arm-none-eabi/lib/thumb/v6-m/libstdc++.a(class_type_info.o)
                0x1000c114                typeinfo name for __cxxabiv1::__class_type_info
 *fill*         0x1000c136        0x2 
 .rodata._ZTVN10__cxxabiv117__class_type_infoE
                0x1000c138       0x2c /usr/lib/gcc/arm-none-eabi/7.3.1/../../../arm-none-eabi/lib/thumb/v6-m/libstdc++.a(class_type_info.o)
                0x1000c138                vtable for __cxxabiv1::__class_type_info
                0x1000c164                . = ALIGN (0x4)
 *(SORT_BY_ALIGNMENT(SORT_BY_NAME(.flashdata*)))
                0x1000c164                . = ALIGN (0x4)

.ARM.extab      0x1000c164      0x150
 *(.ARM.extab* .gnu.linkonce.armextab.*)
 .ARM.extab.text._ZNSt7__cxx1112basic_stringIcSt11char_traitsIcESaIcEE9_M_createERjj
                0x1000c164        0x0 /usr/lib/gcc/arm-none-eabi/7.3.1/../../../arm-none-eabi/lib/thumb/v6-m/libstdc++.a(string-inst.o)
 .ARM.extab.text._ZNSt7__cxx1112basic_stringIcSt11char_traitsIcESaIcEE9_M_mutateEjjPKcj
                0x1000c164        0xc /usr/lib/gcc/arm-none-eabi/7.3.1/../../../arm-none-eabi/lib/thumb/v6-m/libstdc++.a(string-inst.o)
 .ARM.extab.text._ZNSt7__cxx1112basic_stringIcSt11char_traitsIcESaIcEE8_M_eraseEjj
                0x1000c170        0x0 /usr/lib/gcc/arm-none-eabi/7.3.1/../../../arm-none-eabi/lib/thumb/v6-m/libstdc++.a(string-inst.o)
 .ARM.extab.text._ZNSt7__cxx1112basic_stringIcSt11char_traitsIcESaIcEE7reserveEj
                0x1000c170        0x0 /usr/lib/gcc/arm-none-eabi/7.3.1/../../../arm-none-eabi/lib/thumb/v6-m/libstdc++.a(string-inst.o)
 .ARM.extab.text._ZNSt7__cxx1112basic_stringIcSt11char_traitsIcESaIcEE10_M_replaceEjjPKcj
                0x1000c170        0xc /usr/lib/gcc/arm-none-eabi/7.3.1/../../../arm-none-eabi/lib/thumb/v6-m/libstdc++.a(string-inst.o)
 .ARM.extab.text._ZNSt7__cxx1112basic_stringIcSt11char_traitsIcESaIcEE9_M_appendEPKcj
                0x1000c17c        0x0 /usr/lib/gcc/arm-none-eabi/7.3.1/../../../arm-none-eabi/lib/thumb/v6-m/libstdc++.a(string-inst.o)
 .ARM.extab.text._ZNKSt7__cxx1112basic_stringIcSt11char_traitsIcESaIcEE7compareEPKc
                0x1000c17c        0x0 /usr/lib/gcc/arm-none-eabi/7.3.1/../../../arm-none-eabi/lib/thumb/v6-m/libstdc++.a(string-inst.o)
 .ARM.extab.text._ZSt19__throw_logic_errorPKc
                0x1000c17c       0x14 /usr/lib/gcc/arm-none-eabi/7.3.1/../../../arm-none-eabi/lib/thumb/v6-m/libstdc++.a(functexcept.o)
 .ARM.extab.text._ZSt20__throw_length_errorPKc
                0x1000c190       0x14 /usr/lib/gcc/arm-none-eabi/7.3.1/../../../arm-none-eabi/lib/thumb/v6-m/libstdc++.a(functexcept.o)
 .ARM.extab.text._ZSt24__throw_out_of_range_fmtPKcz
                0x1000c1a4       0x1c /usr/lib/gcc/arm-none-eabi/7.3.1/../../../arm-none-eabi/lib/thumb/v6-m/libstdc++.a(functexcept.o)
 .ARM.extab.text.__cxa_type_match
                0x1000c1c0        0xc /usr/lib/gcc/arm-none-eabi/7.3.1/../../../arm-none-eabi/lib/thumb/v6-m/libstdc++.a(eh_arm.o)
 .ARM.extab.text._ZN10__cxxabiv111__terminateEPFvvE
                0x1000c1cc       0x28 /usr/lib/gcc/arm-none-eabi/7.3.1/../../../arm-none-eabi/lib/thumb/v6-m/libstdc++.a(eh_terminate.o)
 .ARM.extab.text.__gxx_personality_v0
                0x1000c1f4       0x28 /usr/lib/gcc/arm-none-eabi/7.3.1/../../../arm-none-eabi/lib/thumb/v6-m/libstdc++.a(eh_personality.o)
 .ARM.extab.text.__cxa_begin_catch
                0x1000c21c        0xc /usr/lib/gcc/arm-none-eabi/7.3.1/../../../arm-none-eabi/lib/thumb/v6-m/libstdc++.a(eh_catch.o)
 .ARM.extab.text._ZNK10__cxxabiv120__si_class_type_info12__do_dyncastEiNS_17__class_type_info10__sub_kindEPKS1_PKvS4_S6_RNS1_16__dyncast_resultE
                0x1000c228        0xc /usr/lib/gcc/arm-none-eabi/7.3.1/../../../arm-none-eabi/lib/thumb/v6-m/libstdc++.a(si_class_type_info.o)
 .ARM.extab.text.__cxa_call_unexpected
                0x1000c234       0x30 /usr/lib/gcc/arm-none-eabi/7.3.1/../../../arm-none-eabi/lib/thumb/v6-m/libstdc++.a(eh_call.o)
 .ARM.extab.text._ZNSt11logic_errorC2EPKc
                0x1000c264       0x14 /usr/lib/gcc/arm-none-eabi/7.3.1/../../../arm-none-eabi/lib/thumb/v6-m/libstdc++.a(cow-stdexcept.o)
 .ARM.extab.text._ZNSs4_Rep9_S_createEjjRKSaIcE
                0x1000c278        0x0 /usr/lib/gcc/arm-none-eabi/7.3.1/../../../arm-none-eabi/lib/thumb/v6-m/libstdc++.a(cow-string-inst.o)
 .ARM.extab.text._ZNSs4_Rep10_M_destroyERKSaIcE
                0x1000c278        0x0 /usr/lib/gcc/arm-none-eabi/7.3.1/../../../arm-none-eabi/lib/thumb/v6-m/libstdc++.a(cow-string-inst.o)
 .ARM.extab.text._ZNSs12_S_constructIPKcEEPcT_S3_RKSaIcESt20forward_iterator_tag
                0x1000c278        0x0 /usr/lib/gcc/arm-none-eabi/7.3.1/../../../arm-none-eabi/lib/thumb/v6-m/libstdc++.a(cow-string-inst.o)
 .ARM.extab.text._ZNSsC2EPKcRKSaIcE
                0x1000c278        0x0 /usr/lib/gcc/arm-none-eabi/7.3.1/../../../arm-none-eabi/lib/thumb/v6-m/libstdc++.a(cow-string-inst.o)
 .ARM.extab.text._ZN9__gnu_cxx26__throw_insufficient_spaceEPKcS1_
                0x1000c278        0xc /usr/lib/gcc/arm-none-eabi/7.3.1/../../../arm-none-eabi/lib/thumb/v6-m/libstdc++.a(snprintf_lite.o)
 .ARM.extab     0x1000c284       0x24 /usr/lib/gcc/arm-none-eabi/7.3.1/thumb/v6-m/libgcc.a(unwind-arm.o)
 .ARM.extab     0x1000c2a8        0xc /usr/lib/gcc/arm-none-eabi/7.3.1/thumb/v6-m/libgcc.a(pr-support.o)